
===========================================================================
report_checks -path_delay min (Hold)
============================================================================
======================= Fastest Corner ===================================

Startpoint: Sel[2] (input port clocked by clk)
Endpoint: Result[1] (output port clocked by clk)
Path Group: clk
Path Type: min
Corner: Fastest

Fanout     Cap    Slew   Delay    Time   Description
-----------------------------------------------------------------------------
                  0.00    0.00    0.00   clock clk (rise edge)
                          0.00    0.00   clock network delay (ideal)
                          2.00    2.00 ^ input external delay
                  0.01    0.01    2.01 ^ Sel[2] (in)
     1    0.00                           Sel[2] (net)
                  0.01    0.00    2.01 ^ input19/A (sky130_fd_sc_hd__clkbuf_2)
                  0.12    0.12    2.13 ^ input19/X (sky130_fd_sc_hd__clkbuf_2)
     7    0.03                           net19 (net)
                  0.12    0.00    2.13 ^ _182_/A (sky130_fd_sc_hd__nor4_1)
                  0.04    0.06    2.18 v _182_/Y (sky130_fd_sc_hd__nor4_1)
     2    0.01                           _115_ (net)
                  0.04    0.00    2.18 v _206_/A2 (sky130_fd_sc_hd__a31o_2)
                  0.05    0.18    2.36 v _206_/X (sky130_fd_sc_hd__a31o_2)
     2    0.02                           net23 (net)
                  0.05    0.00    2.36 v output23/A (sky130_fd_sc_hd__clkbuf_4)
                  0.06    0.12    2.49 v output23/X (sky130_fd_sc_hd__clkbuf_4)
     1    0.03                           Result[1] (net)
                  0.06    0.00    2.49 v Result[1] (out)
                                  2.49   data arrival time

                  0.00    0.00    0.00   clock clk (rise edge)
                          0.00    0.00   clock network delay (ideal)
                          0.25    0.25   clock uncertainty
                          0.00    0.25   clock reconvergence pessimism
                         -2.00   -1.75   output external delay
                                 -1.75   data required time
-----------------------------------------------------------------------------
                                 -1.75   data required time
                                 -2.49   data arrival time
-----------------------------------------------------------------------------
                                  4.24   slack (MET)


Startpoint: Sel[1] (input port clocked by clk)
Endpoint: Result[7] (output port clocked by clk)
Path Group: clk
Path Type: min
Corner: Fastest

Fanout     Cap    Slew   Delay    Time   Description
-----------------------------------------------------------------------------
                  0.00    0.00    0.00   clock clk (rise edge)
                          0.00    0.00   clock network delay (ideal)
                          2.00    2.00 ^ input external delay
                  0.02    0.01    2.01 ^ Sel[1] (in)
     1    0.00                           Sel[1] (net)
                  0.02    0.00    2.01 ^ input18/A (sky130_fd_sc_hd__clkbuf_2)
                  0.10    0.10    2.11 ^ input18/X (sky130_fd_sc_hd__clkbuf_2)
     4    0.02                           net18 (net)
                  0.10    0.00    2.11 ^ _181_/A (sky130_fd_sc_hd__buf_4)
                  0.09    0.12    2.23 ^ _181_/X (sky130_fd_sc_hd__buf_4)
    10    0.04                           _114_ (net)
                  0.09    0.00    2.24 ^ _342_/D1 (sky130_fd_sc_hd__a2111o_1)
                  0.07    0.08    2.32 ^ _342_/X (sky130_fd_sc_hd__a2111o_1)
     1    0.01                           _093_ (net)
                  0.07    0.00    2.32 ^ _343_/C1 (sky130_fd_sc_hd__o211ai_4)
                  0.06    0.06    2.38 v _343_/Y (sky130_fd_sc_hd__o211ai_4)
     2    0.03                           net29 (net)
                  0.06    0.00    2.38 v output29/A (sky130_fd_sc_hd__clkbuf_4)
                  0.06    0.13    2.51 v output29/X (sky130_fd_sc_hd__clkbuf_4)
     1    0.03                           Result[7] (net)
                  0.06    0.00    2.51 v Result[7] (out)
                                  2.51   data arrival time

                  0.00    0.00    0.00   clock clk (rise edge)
                          0.00    0.00   clock network delay (ideal)
                          0.25    0.25   clock uncertainty
                          0.00    0.25   clock reconvergence pessimism
                         -2.00   -1.75   output external delay
                                 -1.75   data required time
-----------------------------------------------------------------------------
                                 -1.75   data required time
                                 -2.51   data arrival time
-----------------------------------------------------------------------------
                                  4.26   slack (MET)


Startpoint: A[2] (input port clocked by clk)
Endpoint: Result[2] (output port clocked by clk)
Path Group: clk
Path Type: min
Corner: Fastest

Fanout     Cap    Slew   Delay    Time   Description
-----------------------------------------------------------------------------
                  0.00    0.00    0.00   clock clk (rise edge)
                          0.00    0.00   clock network delay (ideal)
                          2.00    2.00 ^ input external delay
                  0.01    0.01    2.01 ^ A[2] (in)
     1    0.00                           A[2] (net)
                  0.01    0.00    2.01 ^ input3/A (sky130_fd_sc_hd__clkbuf_4)
                  0.12    0.13    2.14 ^ input3/X (sky130_fd_sc_hd__clkbuf_4)
     9    0.05                           net3 (net)
                  0.12    0.01    2.15 ^ _220_/A1 (sky130_fd_sc_hd__o221a_1)
                  0.03    0.10    2.25 ^ _220_/X (sky130_fd_sc_hd__o221a_1)
     1    0.00                           _152_ (net)
                  0.03    0.00    2.25 ^ _232_/A (sky130_fd_sc_hd__and3_1)
                  0.05    0.09    2.33 ^ _232_/X (sky130_fd_sc_hd__and3_1)
     1    0.01                           _164_ (net)
                  0.05    0.00    2.33 ^ _233_/B1 (sky130_fd_sc_hd__o21ai_2)
                  0.05    0.05    2.39 v _233_/Y (sky130_fd_sc_hd__o21ai_2)
     2    0.02                           net24 (net)
                  0.05    0.00    2.39 v output24/A (sky130_fd_sc_hd__clkbuf_4)
                  0.06    0.13    2.51 v output24/X (sky130_fd_sc_hd__clkbuf_4)
     1    0.03                           Result[2] (net)
                  0.06    0.00    2.51 v Result[2] (out)
                                  2.51   data arrival time

                  0.00    0.00    0.00   clock clk (rise edge)
                          0.00    0.00   clock network delay (ideal)
                          0.25    0.25   clock uncertainty
                          0.00    0.25   clock reconvergence pessimism
                         -2.00   -1.75   output external delay
                                 -1.75   data required time
-----------------------------------------------------------------------------
                                 -1.75   data required time
                                 -2.51   data arrival time
-----------------------------------------------------------------------------
                                  4.26   slack (MET)


Startpoint: A[5] (input port clocked by clk)
Endpoint: Result[5] (output port clocked by clk)
Path Group: clk
Path Type: min
Corner: Fastest

Fanout     Cap    Slew   Delay    Time   Description
-----------------------------------------------------------------------------
                  0.00    0.00    0.00   clock clk (rise edge)
                          0.00    0.00   clock network delay (ideal)
                          2.00    2.00 v input external delay
                  0.00    0.00    2.00 v A[5] (in)
     1    0.00                           A[5] (net)
                  0.00    0.00    2.00 v input6/A (sky130_fd_sc_hd__buf_2)
                  0.07    0.11    2.11 v input6/X (sky130_fd_sc_hd__buf_2)
     8    0.04                           net6 (net)
                  0.07    0.00    2.11 v _296_/B1 (sky130_fd_sc_hd__o21ai_1)
                  0.04    0.06    2.17 ^ _296_/Y (sky130_fd_sc_hd__o21ai_1)
     1    0.00                           _049_ (net)
                  0.04    0.00    2.17 ^ _297_/A2 (sky130_fd_sc_hd__a21o_1)
                  0.04    0.07    2.24 ^ _297_/X (sky130_fd_sc_hd__a21o_1)
     1    0.00                           _050_ (net)
                  0.04    0.00    2.24 ^ _298_/C1 (sky130_fd_sc_hd__o211ai_1)
                  0.03    0.03    2.27 v _298_/Y (sky130_fd_sc_hd__o211ai_1)
     1    0.00                           _051_ (net)
                  0.03    0.00    2.27 v _299_/B1 (sky130_fd_sc_hd__a31o_1)
                  0.07    0.11    2.38 v _299_/X (sky130_fd_sc_hd__a31o_1)
     2    0.02                           net27 (net)
                  0.07    0.00    2.38 v output27/A (sky130_fd_sc_hd__clkbuf_4)
                  0.06    0.13    2.52 v output27/X (sky130_fd_sc_hd__clkbuf_4)
     1    0.03                           Result[5] (net)
                  0.06    0.00    2.52 v Result[5] (out)
                                  2.52   data arrival time

                  0.00    0.00    0.00   clock clk (rise edge)
                          0.00    0.00   clock network delay (ideal)
                          0.25    0.25   clock uncertainty
                          0.00    0.25   clock reconvergence pessimism
                         -2.00   -1.75   output external delay
                                 -1.75   data required time
-----------------------------------------------------------------------------
                                 -1.75   data required time
                                 -2.52   data arrival time
-----------------------------------------------------------------------------
                                  4.27   slack (MET)


Startpoint: B[4] (input port clocked by clk)
Endpoint: Zero (output port clocked by clk)
Path Group: clk
Path Type: min
Corner: Fastest

Fanout     Cap    Slew   Delay    Time   Description
-----------------------------------------------------------------------------
                  0.00    0.00    0.00   clock clk (rise edge)
                          0.00    0.00   clock network delay (ideal)
                          2.00    2.00 ^ input external delay
                  0.02    0.01    2.01 ^ B[4] (in)
     1    0.00                           B[4] (net)
                  0.02    0.00    2.01 ^ input13/A (sky130_fd_sc_hd__clkbuf_2)
                  0.09    0.10    2.11 ^ input13/X (sky130_fd_sc_hd__clkbuf_2)
     4    0.02                           net13 (net)
                  0.09    0.00    2.11 ^ _256_/B (sky130_fd_sc_hd__nor2_1)
                  0.04    0.04    2.15 v _256_/Y (sky130_fd_sc_hd__nor2_1)
     2    0.01                           _010_ (net)
                  0.04    0.00    2.15 v _264_/A (sky130_fd_sc_hd__nor2_1)
                  0.15    0.13    2.28 ^ _264_/Y (sky130_fd_sc_hd__nor2_1)
     3    0.01                           _018_ (net)
                  0.15    0.00    2.28 ^ _360_/A (sky130_fd_sc_hd__or4bb_1)
                  0.05    0.10    2.38 ^ _360_/X (sky130_fd_sc_hd__or4bb_1)
     1    0.01                           _108_ (net)
                  0.05    0.00    2.38 ^ _361_/B1 (sky130_fd_sc_hd__o31ai_2)
                  0.03    0.03    2.42 v _361_/Y (sky130_fd_sc_hd__o31ai_2)
     1    0.01                           net30 (net)
                  0.03    0.00    2.42 v output30/A (sky130_fd_sc_hd__buf_4)
                  0.04    0.10    2.52 v output30/X (sky130_fd_sc_hd__buf_4)
     1    0.03                           Zero (net)
                  0.04    0.00    2.52 v Zero (out)
                                  2.52   data arrival time

                  0.00    0.00    0.00   clock clk (rise edge)
                          0.00    0.00   clock network delay (ideal)
                          0.25    0.25   clock uncertainty
                          0.00    0.25   clock reconvergence pessimism
                         -2.00   -1.75   output external delay
                                 -1.75   data required time
-----------------------------------------------------------------------------
                                 -1.75   data required time
                                 -2.52   data arrival time
-----------------------------------------------------------------------------
                                  4.27   slack (MET)


Startpoint: A[6] (input port clocked by clk)
Endpoint: Result[6] (output port clocked by clk)
Path Group: clk
Path Type: min
Corner: Fastest

Fanout     Cap    Slew   Delay    Time   Description
-----------------------------------------------------------------------------
                  0.00    0.00    0.00   clock clk (rise edge)
                          0.00    0.00   clock network delay (ideal)
                          2.00    2.00 v input external delay
                  0.00    0.00    2.00 v A[6] (in)
     1    0.00                           A[6] (net)
                  0.00    0.00    2.00 v input7/A (sky130_fd_sc_hd__buf_2)
                  0.07    0.10    2.11 v input7/X (sky130_fd_sc_hd__buf_2)
     8    0.04                           net7 (net)
                  0.07    0.00    2.11 v _317_/A (sky130_fd_sc_hd__nand2_1)
                  0.04    0.05    2.16 ^ _317_/Y (sky130_fd_sc_hd__nand2_1)
     1    0.00                           _069_ (net)
                  0.04    0.00    2.16 ^ _318_/A2 (sky130_fd_sc_hd__a21o_1)
                  0.03    0.07    2.23 ^ _318_/X (sky130_fd_sc_hd__a21o_1)
     1    0.00                           _070_ (net)
                  0.03    0.00    2.23 ^ _319_/C1 (sky130_fd_sc_hd__o211ai_1)
                  0.03    0.03    2.26 v _319_/Y (sky130_fd_sc_hd__o211ai_1)
     1    0.00                           _071_ (net)
                  0.03    0.00    2.26 v _320_/B1 (sky130_fd_sc_hd__a31o_1)
                  0.09    0.12    2.39 v _320_/X (sky130_fd_sc_hd__a31o_1)
     2    0.03                           net28 (net)
                  0.09    0.00    2.39 v output28/A (sky130_fd_sc_hd__clkbuf_4)
                  0.06    0.14    2.53 v output28/X (sky130_fd_sc_hd__clkbuf_4)
     1    0.03                           Result[6] (net)
                  0.06    0.00    2.53 v Result[6] (out)
                                  2.53   data arrival time

                  0.00    0.00    0.00   clock clk (rise edge)
                          0.00    0.00   clock network delay (ideal)
                          0.25    0.25   clock uncertainty
                          0.00    0.25   clock reconvergence pessimism
                         -2.00   -1.75   output external delay
                                 -1.75   data required time
-----------------------------------------------------------------------------
                                 -1.75   data required time
                                 -2.53   data arrival time
-----------------------------------------------------------------------------
                                  4.28   slack (MET)


Startpoint: A[3] (input port clocked by clk)
Endpoint: Result[3] (output port clocked by clk)
Path Group: clk
Path Type: min
Corner: Fastest

Fanout     Cap    Slew   Delay    Time   Description
-----------------------------------------------------------------------------
                  0.00    0.00    0.00   clock clk (rise edge)
                          0.00    0.00   clock network delay (ideal)
                          2.00    2.00 ^ input external delay
                  0.01    0.01    2.01 ^ A[3] (in)
     1    0.00                           A[3] (net)
                  0.01    0.00    2.01 ^ input4/A (sky130_fd_sc_hd__buf_4)
                  0.13    0.13    2.14 ^ input4/X (sky130_fd_sc_hd__buf_4)
    10    0.06                           net4 (net)
                  0.14    0.01    2.15 ^ _238_/A1 (sky130_fd_sc_hd__o22a_1)
                  0.02    0.08    2.23 ^ _238_/X (sky130_fd_sc_hd__o22a_1)
     1    0.00                           _169_ (net)
                  0.02    0.00    2.23 ^ _246_/B (sky130_fd_sc_hd__and4_1)
                  0.04    0.09    2.32 ^ _246_/X (sky130_fd_sc_hd__and4_1)
     1    0.00                           _001_ (net)
                  0.04    0.00    2.32 ^ _255_/A (sky130_fd_sc_hd__nand2_1)
                  0.09    0.08    2.40 v _255_/Y (sky130_fd_sc_hd__nand2_1)
     2    0.02                           net25 (net)
                  0.09    0.00    2.40 v output25/A (sky130_fd_sc_hd__clkbuf_4)
                  0.06    0.14    2.54 v output25/X (sky130_fd_sc_hd__clkbuf_4)
     1    0.03                           Result[3] (net)
                  0.06    0.00    2.54 v Result[3] (out)
                                  2.54   data arrival time

                  0.00    0.00    0.00   clock clk (rise edge)
                          0.00    0.00   clock network delay (ideal)
                          0.25    0.25   clock uncertainty
                          0.00    0.25   clock reconvergence pessimism
                         -2.00   -1.75   output external delay
                                 -1.75   data required time
-----------------------------------------------------------------------------
                                 -1.75   data required time
                                 -2.54   data arrival time
-----------------------------------------------------------------------------
                                  4.29   slack (MET)


Startpoint: B[7] (input port clocked by clk)
Endpoint: CarryOut (output port clocked by clk)
Path Group: clk
Path Type: min
Corner: Fastest

Fanout     Cap    Slew   Delay    Time   Description
-----------------------------------------------------------------------------
                  0.00    0.00    0.00   clock clk (rise edge)
                          0.00    0.00   clock network delay (ideal)
                          2.00    2.00 ^ input external delay
                  0.02    0.01    2.01 ^ B[7] (in)
     1    0.00                           B[7] (net)
                  0.02    0.00    2.01 ^ input16/A (sky130_fd_sc_hd__clkbuf_2)
                  0.12    0.12    2.13 ^ input16/X (sky130_fd_sc_hd__clkbuf_2)
     4    0.03                           net16 (net)
                  0.12    0.00    2.13 ^ _345_/A2 (sky130_fd_sc_hd__o211a_1)
                  0.03    0.09    2.22 ^ _345_/X (sky130_fd_sc_hd__o211a_1)
     1    0.00                           _095_ (net)
                  0.03    0.00    2.22 ^ _348_/A (sky130_fd_sc_hd__or3b_1)
                  0.09    0.10    2.32 ^ _348_/X (sky130_fd_sc_hd__or3b_1)
     1    0.01                           _098_ (net)
                  0.09    0.00    2.32 ^ _349_/A (sky130_fd_sc_hd__buf_1)
                  0.09    0.09    2.41 ^ _349_/X (sky130_fd_sc_hd__buf_1)
     1    0.01                           net21 (net)
                  0.09    0.00    2.41 ^ output21/A (sky130_fd_sc_hd__clkbuf_4)
                  0.08    0.13    2.54 ^ output21/X (sky130_fd_sc_hd__clkbuf_4)
     1    0.03                           CarryOut (net)
                  0.08    0.00    2.55 ^ CarryOut (out)
                                  2.55   data arrival time

                  0.00    0.00    0.00   clock clk (rise edge)
                          0.00    0.00   clock network delay (ideal)
                          0.25    0.25   clock uncertainty
                          0.00    0.25   clock reconvergence pessimism
                         -2.00   -1.75   output external delay
                                 -1.75   data required time
-----------------------------------------------------------------------------
                                 -1.75   data required time
                                 -2.55   data arrival time
-----------------------------------------------------------------------------
                                  4.30   slack (MET)


Startpoint: B[0] (input port clocked by clk)
Endpoint: Result[0] (output port clocked by clk)
Path Group: clk
Path Type: min
Corner: Fastest

Fanout     Cap    Slew   Delay    Time   Description
-----------------------------------------------------------------------------
                  0.00    0.00    0.00   clock clk (rise edge)
                          0.00    0.00   clock network delay (ideal)
                          2.00    2.00 ^ input external delay
                  0.02    0.01    2.01 ^ B[0] (in)
     1    0.00                           B[0] (net)
                  0.02    0.00    2.01 ^ input9/A (sky130_fd_sc_hd__dlymetal6s2s_1)
                  0.15    0.13    2.14 ^ input9/X (sky130_fd_sc_hd__dlymetal6s2s_1)
     3    0.02                           net9 (net)
                  0.15    0.00    2.14 ^ _350_/A (sky130_fd_sc_hd__or2_1)
                  0.09    0.12    2.25 ^ _350_/X (sky130_fd_sc_hd__or2_1)
     3    0.01                           _099_ (net)
                  0.09    0.00    2.25 ^ _354_/A2 (sky130_fd_sc_hd__a211o_1)
                  0.13    0.15    2.40 ^ _354_/X (sky130_fd_sc_hd__a211o_1)
     2    0.02                           net22 (net)
                  0.13    0.00    2.40 ^ output22/A (sky130_fd_sc_hd__clkbuf_4)
                  0.09    0.15    2.55 ^ output22/X (sky130_fd_sc_hd__clkbuf_4)
     1    0.04                           Result[0] (net)
                  0.09    0.00    2.55 ^ Result[0] (out)
                                  2.55   data arrival time

                  0.00    0.00    0.00   clock clk (rise edge)
                          0.00    0.00   clock network delay (ideal)
                          0.25    0.25   clock uncertainty
                          0.00    0.25   clock reconvergence pessimism
                         -2.00   -1.75   output external delay
                                 -1.75   data required time
-----------------------------------------------------------------------------
                                 -1.75   data required time
                                 -2.55   data arrival time
-----------------------------------------------------------------------------
                                  4.30   slack (MET)


Startpoint: B[4] (input port clocked by clk)
Endpoint: Result[4] (output port clocked by clk)
Path Group: clk
Path Type: min
Corner: Fastest

Fanout     Cap    Slew   Delay    Time   Description
-----------------------------------------------------------------------------
                  0.00    0.00    0.00   clock clk (rise edge)
                          0.00    0.00   clock network delay (ideal)
                          2.00    2.00 ^ input external delay
                  0.02    0.01    2.01 ^ B[4] (in)
     1    0.00                           B[4] (net)
                  0.02    0.00    2.01 ^ input13/A (sky130_fd_sc_hd__clkbuf_2)
                  0.09    0.10    2.11 ^ input13/X (sky130_fd_sc_hd__clkbuf_2)
     4    0.02                           net13 (net)
                  0.09    0.00    2.11 ^ _256_/B (sky130_fd_sc_hd__nor2_1)
                  0.04    0.04    2.15 v _256_/Y (sky130_fd_sc_hd__nor2_1)
     2    0.01                           _010_ (net)
                  0.04    0.00    2.15 v _262_/A1 (sky130_fd_sc_hd__o221ai_1)
                  0.03    0.11    2.26 ^ _262_/Y (sky130_fd_sc_hd__o221ai_1)
     1    0.00                           _016_ (net)
                  0.03    0.00    2.26 ^ _278_/A (sky130_fd_sc_hd__or3b_1)
                  0.03    0.06    2.33 ^ _278_/X (sky130_fd_sc_hd__or3b_1)
     1    0.00                           _032_ (net)
                  0.03    0.00    2.33 ^ _279_/A (sky130_fd_sc_hd__clkbuf_2)
                  0.10    0.11    2.43 ^ _279_/X (sky130_fd_sc_hd__clkbuf_2)
     2    0.02                           net26 (net)
                  0.10    0.00    2.43 ^ output26/A (sky130_fd_sc_hd__clkbuf_4)
                  0.08    0.14    2.57 ^ output26/X (sky130_fd_sc_hd__clkbuf_4)
     1    0.03                           Result[4] (net)
                  0.08    0.00    2.57 ^ Result[4] (out)
                                  2.57   data arrival time

                  0.00    0.00    0.00   clock clk (rise edge)
                          0.00    0.00   clock network delay (ideal)
                          0.25    0.25   clock uncertainty
                          0.00    0.25   clock reconvergence pessimism
                         -2.00   -1.75   output external delay
                                 -1.75   data required time
-----------------------------------------------------------------------------
                                 -1.75   data required time
                                 -2.57   data arrival time
-----------------------------------------------------------------------------
                                  4.32   slack (MET)



======================= Slowest Corner ===================================

Startpoint: Sel[2] (input port clocked by clk)
Endpoint: Result[1] (output port clocked by clk)
Path Group: clk
Path Type: min
Corner: Slowest

Fanout     Cap    Slew   Delay    Time   Description
-----------------------------------------------------------------------------
                  0.00    0.00    0.00   clock clk (rise edge)
                          0.00    0.00   clock network delay (ideal)
                          2.00    2.00 ^ input external delay
                  0.03    0.02    2.02 ^ Sel[2] (in)
     1    0.00                           Sel[2] (net)
                  0.03    0.00    2.02 ^ input19/A (sky130_fd_sc_hd__clkbuf_2)
                  0.24    0.28    2.30 ^ input19/X (sky130_fd_sc_hd__clkbuf_2)
     7    0.03                           net19 (net)
                  0.24    0.00    2.30 ^ _182_/A (sky130_fd_sc_hd__nor4_1)
                  0.09    0.19    2.49 v _182_/Y (sky130_fd_sc_hd__nor4_1)
     2    0.01                           _115_ (net)
                  0.09    0.00    2.49 v _206_/A2 (sky130_fd_sc_hd__a31o_2)
                  0.15    0.50    2.99 v _206_/X (sky130_fd_sc_hd__a31o_2)
     2    0.02                           net23 (net)
                  0.15    0.00    2.99 v output23/A (sky130_fd_sc_hd__clkbuf_4)
                  0.14    0.34    3.34 v output23/X (sky130_fd_sc_hd__clkbuf_4)
     1    0.03                           Result[1] (net)
                  0.14    0.00    3.34 v Result[1] (out)
                                  3.34   data arrival time

                  0.00    0.00    0.00   clock clk (rise edge)
                          0.00    0.00   clock network delay (ideal)
                          0.25    0.25   clock uncertainty
                          0.00    0.25   clock reconvergence pessimism
                         -2.00   -1.75   output external delay
                                 -1.75   data required time
-----------------------------------------------------------------------------
                                 -1.75   data required time
                                 -3.34   data arrival time
-----------------------------------------------------------------------------
                                  5.09   slack (MET)


Startpoint: B[0] (input port clocked by clk)
Endpoint: Result[0] (output port clocked by clk)
Path Group: clk
Path Type: min
Corner: Slowest

Fanout     Cap    Slew   Delay    Time   Description
-----------------------------------------------------------------------------
                  0.00    0.00    0.00   clock clk (rise edge)
                          0.00    0.00   clock network delay (ideal)
                          2.00    2.00 ^ input external delay
                  0.03    0.02    2.02 ^ B[0] (in)
     1    0.00                           B[0] (net)
                  0.03    0.00    2.02 ^ input9/A (sky130_fd_sc_hd__dlymetal6s2s_1)
                  0.29    0.29    2.30 ^ input9/X (sky130_fd_sc_hd__dlymetal6s2s_1)
     3    0.02                           net9 (net)
                  0.29    0.00    2.31 ^ _350_/A (sky130_fd_sc_hd__or2_1)
                  0.19    0.33    2.64 ^ _350_/X (sky130_fd_sc_hd__or2_1)
     3    0.01                           _099_ (net)
                  0.19    0.00    2.64 ^ _354_/A2 (sky130_fd_sc_hd__a211o_1)
                  0.26    0.41    3.05 ^ _354_/X (sky130_fd_sc_hd__a211o_1)
     2    0.02                           net22 (net)
                  0.26    0.00    3.05 ^ output22/A (sky130_fd_sc_hd__clkbuf_4)
                  0.18    0.40    3.45 ^ output22/X (sky130_fd_sc_hd__clkbuf_4)
     1    0.04                           Result[0] (net)
                  0.18    0.00    3.45 ^ Result[0] (out)
                                  3.45   data arrival time

                  0.00    0.00    0.00   clock clk (rise edge)
                          0.00    0.00   clock network delay (ideal)
                          0.25    0.25   clock uncertainty
                          0.00    0.25   clock reconvergence pessimism
                         -2.00   -1.75   output external delay
                                 -1.75   data required time
-----------------------------------------------------------------------------
                                 -1.75   data required time
                                 -3.45   data arrival time
-----------------------------------------------------------------------------
                                  5.20   slack (MET)


Startpoint: Sel[1] (input port clocked by clk)
Endpoint: Result[7] (output port clocked by clk)
Path Group: clk
Path Type: min
Corner: Slowest

Fanout     Cap    Slew   Delay    Time   Description
-----------------------------------------------------------------------------
                  0.00    0.00    0.00   clock clk (rise edge)
                          0.00    0.00   clock network delay (ideal)
                          2.00    2.00 ^ input external delay
                  0.03    0.02    2.02 ^ Sel[1] (in)
     1    0.00                           Sel[1] (net)
                  0.03    0.00    2.02 ^ input18/A (sky130_fd_sc_hd__clkbuf_2)
                  0.19    0.25    2.27 ^ input18/X (sky130_fd_sc_hd__clkbuf_2)
     4    0.02                           net18 (net)
                  0.19    0.00    2.27 ^ _181_/A (sky130_fd_sc_hd__buf_4)
                  0.18    0.33    2.60 ^ _181_/X (sky130_fd_sc_hd__buf_4)
    10    0.04                           _114_ (net)
                  0.18    0.00    2.61 ^ _342_/D1 (sky130_fd_sc_hd__a2111o_1)
                  0.14    0.25    2.86 ^ _342_/X (sky130_fd_sc_hd__a2111o_1)
     1    0.01                           _093_ (net)
                  0.14    0.00    2.86 ^ _343_/C1 (sky130_fd_sc_hd__o211ai_4)
                  0.23    0.25    3.11 v _343_/Y (sky130_fd_sc_hd__o211ai_4)
     2    0.03                           net29 (net)
                  0.23    0.00    3.11 v output29/A (sky130_fd_sc_hd__clkbuf_4)
                  0.14    0.38    3.49 v output29/X (sky130_fd_sc_hd__clkbuf_4)
     1    0.03                           Result[7] (net)
                  0.14    0.00    3.49 v Result[7] (out)
                                  3.49   data arrival time

                  0.00    0.00    0.00   clock clk (rise edge)
                          0.00    0.00   clock network delay (ideal)
                          0.25    0.25   clock uncertainty
                          0.00    0.25   clock reconvergence pessimism
                         -2.00   -1.75   output external delay
                                 -1.75   data required time
-----------------------------------------------------------------------------
                                 -1.75   data required time
                                 -3.49   data arrival time
-----------------------------------------------------------------------------
                                  5.24   slack (MET)


Startpoint: Sel[1] (input port clocked by clk)
Endpoint: Result[2] (output port clocked by clk)
Path Group: clk
Path Type: min
Corner: Slowest

Fanout     Cap    Slew   Delay    Time   Description
-----------------------------------------------------------------------------
                  0.00    0.00    0.00   clock clk (rise edge)
                          0.00    0.00   clock network delay (ideal)
                          2.00    2.00 ^ input external delay
                  0.03    0.02    2.02 ^ Sel[1] (in)
     1    0.00                           Sel[1] (net)
                  0.03    0.00    2.02 ^ input18/A (sky130_fd_sc_hd__clkbuf_2)
                  0.19    0.25    2.27 ^ input18/X (sky130_fd_sc_hd__clkbuf_2)
     4    0.02                           net18 (net)
                  0.19    0.00    2.27 ^ _181_/A (sky130_fd_sc_hd__buf_4)
                  0.18    0.33    2.60 ^ _181_/X (sky130_fd_sc_hd__buf_4)
    10    0.04                           _114_ (net)
                  0.18    0.00    2.61 ^ _213_/A (sky130_fd_sc_hd__nor2_2)
                  0.13    0.18    2.79 v _213_/Y (sky130_fd_sc_hd__nor2_2)
     5    0.03                           _145_ (net)
                  0.13    0.00    2.79 v _215_/A (sky130_fd_sc_hd__nand2_1)
                  0.10    0.13    2.92 ^ _215_/Y (sky130_fd_sc_hd__nand2_1)
     1    0.01                           _147_ (net)
                  0.10    0.00    2.92 ^ _233_/A2 (sky130_fd_sc_hd__o21ai_2)
                  0.20    0.21    3.12 v _233_/Y (sky130_fd_sc_hd__o21ai_2)
     2    0.02                           net24 (net)
                  0.20    0.00    3.13 v output24/A (sky130_fd_sc_hd__clkbuf_4)
                  0.14    0.37    3.49 v output24/X (sky130_fd_sc_hd__clkbuf_4)
     1    0.03                           Result[2] (net)
                  0.14    0.00    3.49 v Result[2] (out)
                                  3.49   data arrival time

                  0.00    0.00    0.00   clock clk (rise edge)
                          0.00    0.00   clock network delay (ideal)
                          0.25    0.25   clock uncertainty
                          0.00    0.25   clock reconvergence pessimism
                         -2.00   -1.75   output external delay
                                 -1.75   data required time
-----------------------------------------------------------------------------
                                 -1.75   data required time
                                 -3.49   data arrival time
-----------------------------------------------------------------------------
                                  5.24   slack (MET)


Startpoint: Sel[2] (input port clocked by clk)
Endpoint: Zero (output port clocked by clk)
Path Group: clk
Path Type: min
Corner: Slowest

Fanout     Cap    Slew   Delay    Time   Description
-----------------------------------------------------------------------------
                  0.00    0.00    0.00   clock clk (rise edge)
                          0.00    0.00   clock network delay (ideal)
                          2.00    2.00 ^ input external delay
                  0.03    0.02    2.02 ^ Sel[2] (in)
     1    0.00                           Sel[2] (net)
                  0.03    0.00    2.02 ^ input19/A (sky130_fd_sc_hd__clkbuf_2)
                  0.24    0.28    2.30 ^ input19/X (sky130_fd_sc_hd__clkbuf_2)
     7    0.03                           net19 (net)
                  0.24    0.00    2.30 ^ _355_/A (sky130_fd_sc_hd__or4b_1)
                  0.11    0.28    2.58 ^ _355_/X (sky130_fd_sc_hd__or4b_1)
     2    0.01                           _103_ (net)
                  0.11    0.00    2.58 ^ _358_/B1 (sky130_fd_sc_hd__a211o_1)
                  0.15    0.24    2.81 ^ _358_/X (sky130_fd_sc_hd__a211o_1)
     1    0.01                           _106_ (net)
                  0.15    0.00    2.81 ^ _360_/B (sky130_fd_sc_hd__or4bb_1)
                  0.10    0.23    3.04 ^ _360_/X (sky130_fd_sc_hd__or4bb_1)
     1    0.01                           _108_ (net)
                  0.10    0.00    3.04 ^ _361_/B1 (sky130_fd_sc_hd__o31ai_2)
                  0.10    0.16    3.21 v _361_/Y (sky130_fd_sc_hd__o31ai_2)
     1    0.01                           net30 (net)
                  0.10    0.00    3.21 v output30/A (sky130_fd_sc_hd__buf_4)
                  0.10    0.30    3.51 v output30/X (sky130_fd_sc_hd__buf_4)
     1    0.03                           Zero (net)
                  0.10    0.00    3.51 v Zero (out)
                                  3.51   data arrival time

                  0.00    0.00    0.00   clock clk (rise edge)
                          0.00    0.00   clock network delay (ideal)
                          0.25    0.25   clock uncertainty
                          0.00    0.25   clock reconvergence pessimism
                         -2.00   -1.75   output external delay
                                 -1.75   data required time
-----------------------------------------------------------------------------
                                 -1.75   data required time
                                 -3.51   data arrival time
-----------------------------------------------------------------------------
                                  5.26   slack (MET)


Startpoint: B[7] (input port clocked by clk)
Endpoint: CarryOut (output port clocked by clk)
Path Group: clk
Path Type: min
Corner: Slowest

Fanout     Cap    Slew   Delay    Time   Description
-----------------------------------------------------------------------------
                  0.00    0.00    0.00   clock clk (rise edge)
                          0.00    0.00   clock network delay (ideal)
                          2.00    2.00 ^ input external delay
                  0.04    0.02    2.02 ^ B[7] (in)
     1    0.00                           B[7] (net)
                  0.04    0.00    2.02 ^ input16/A (sky130_fd_sc_hd__clkbuf_2)
                  0.25    0.29    2.30 ^ input16/X (sky130_fd_sc_hd__clkbuf_2)
     4    0.03                           net16 (net)
                  0.25    0.00    2.31 ^ _345_/A2 (sky130_fd_sc_hd__o211a_1)
                  0.08    0.32    2.63 ^ _345_/X (sky130_fd_sc_hd__o211a_1)
     1    0.00                           _095_ (net)
                  0.08    0.00    2.63 ^ _348_/A (sky130_fd_sc_hd__or3b_1)
                  0.18    0.25    2.89 ^ _348_/X (sky130_fd_sc_hd__or3b_1)
     1    0.01                           _098_ (net)
                  0.18    0.00    2.89 ^ _349_/A (sky130_fd_sc_hd__buf_1)
                  0.19    0.27    3.15 ^ _349_/X (sky130_fd_sc_hd__buf_1)
     1    0.01                           net21 (net)
                  0.19    0.00    3.15 ^ output21/A (sky130_fd_sc_hd__clkbuf_4)
                  0.18    0.36    3.52 ^ output21/X (sky130_fd_sc_hd__clkbuf_4)
     1    0.03                           CarryOut (net)
                  0.18    0.00    3.52 ^ CarryOut (out)
                                  3.52   data arrival time

                  0.00    0.00    0.00   clock clk (rise edge)
                          0.00    0.00   clock network delay (ideal)
                          0.25    0.25   clock uncertainty
                          0.00    0.25   clock reconvergence pessimism
                         -2.00   -1.75   output external delay
                                 -1.75   data required time
-----------------------------------------------------------------------------
                                 -1.75   data required time
                                 -3.52   data arrival time
-----------------------------------------------------------------------------
                                  5.27   slack (MET)


Startpoint: B[4] (input port clocked by clk)
Endpoint: Result[4] (output port clocked by clk)
Path Group: clk
Path Type: min
Corner: Slowest

Fanout     Cap    Slew   Delay    Time   Description
-----------------------------------------------------------------------------
                  0.00    0.00    0.00   clock clk (rise edge)
                          0.00    0.00   clock network delay (ideal)
                          2.00    2.00 ^ input external delay
                  0.04    0.02    2.02 ^ B[4] (in)
     1    0.00                           B[4] (net)
                  0.04    0.00    2.02 ^ input13/A (sky130_fd_sc_hd__clkbuf_2)
                  0.19    0.25    2.27 ^ input13/X (sky130_fd_sc_hd__clkbuf_2)
     4    0.02                           net13 (net)
                  0.19    0.00    2.27 ^ _256_/B (sky130_fd_sc_hd__nor2_1)
                  0.08    0.14    2.41 v _256_/Y (sky130_fd_sc_hd__nor2_1)
     2    0.01                           _010_ (net)
                  0.08    0.00    2.41 v _262_/A1 (sky130_fd_sc_hd__o221ai_1)
                  0.11    0.28    2.70 ^ _262_/Y (sky130_fd_sc_hd__o221ai_1)
     1    0.00                           _016_ (net)
                  0.11    0.00    2.70 ^ _278_/A (sky130_fd_sc_hd__or3b_1)
                  0.07    0.18    2.88 ^ _278_/X (sky130_fd_sc_hd__or3b_1)
     1    0.00                           _032_ (net)
                  0.07    0.00    2.88 ^ _279_/A (sky130_fd_sc_hd__clkbuf_2)
                  0.20    0.27    3.15 ^ _279_/X (sky130_fd_sc_hd__clkbuf_2)
     2    0.02                           net26 (net)
                  0.20    0.00    3.15 ^ output26/A (sky130_fd_sc_hd__clkbuf_4)
                  0.18    0.37    3.52 ^ output26/X (sky130_fd_sc_hd__clkbuf_4)
     1    0.03                           Result[4] (net)
                  0.18    0.00    3.52 ^ Result[4] (out)
                                  3.52   data arrival time

                  0.00    0.00    0.00   clock clk (rise edge)
                          0.00    0.00   clock network delay (ideal)
                          0.25    0.25   clock uncertainty
                          0.00    0.25   clock reconvergence pessimism
                         -2.00   -1.75   output external delay
                                 -1.75   data required time
-----------------------------------------------------------------------------
                                 -1.75   data required time
                                 -3.52   data arrival time
-----------------------------------------------------------------------------
                                  5.27   slack (MET)


Startpoint: Sel[1] (input port clocked by clk)
Endpoint: Result[5] (output port clocked by clk)
Path Group: clk
Path Type: min
Corner: Slowest

Fanout     Cap    Slew   Delay    Time   Description
-----------------------------------------------------------------------------
                  0.00    0.00    0.00   clock clk (rise edge)
                          0.00    0.00   clock network delay (ideal)
                          2.00    2.00 ^ input external delay
                  0.03    0.02    2.02 ^ Sel[1] (in)
     1    0.00                           Sel[1] (net)
                  0.03    0.00    2.02 ^ input18/A (sky130_fd_sc_hd__clkbuf_2)
                  0.19    0.25    2.27 ^ input18/X (sky130_fd_sc_hd__clkbuf_2)
     4    0.02                           net18 (net)
                  0.19    0.00    2.27 ^ _181_/A (sky130_fd_sc_hd__buf_4)
                  0.18    0.33    2.60 ^ _181_/X (sky130_fd_sc_hd__buf_4)
    10    0.04                           _114_ (net)
                  0.18    0.00    2.61 ^ _213_/A (sky130_fd_sc_hd__nor2_2)
                  0.13    0.18    2.79 v _213_/Y (sky130_fd_sc_hd__nor2_2)
     5    0.03                           _145_ (net)
                  0.13    0.00    2.79 v _299_/A1 (sky130_fd_sc_hd__a31o_1)
                  0.20    0.45    3.24 v _299_/X (sky130_fd_sc_hd__a31o_1)
     2    0.02                           net27 (net)
                  0.20    0.00    3.24 v output27/A (sky130_fd_sc_hd__clkbuf_4)
                  0.14    0.37    3.61 v output27/X (sky130_fd_sc_hd__clkbuf_4)
     1    0.03                           Result[5] (net)
                  0.14    0.00    3.61 v Result[5] (out)
                                  3.61   data arrival time

                  0.00    0.00    0.00   clock clk (rise edge)
                          0.00    0.00   clock network delay (ideal)
                          0.25    0.25   clock uncertainty
                          0.00    0.25   clock reconvergence pessimism
                         -2.00   -1.75   output external delay
                                 -1.75   data required time
-----------------------------------------------------------------------------
                                 -1.75   data required time
                                 -3.61   data arrival time
-----------------------------------------------------------------------------
                                  5.36   slack (MET)


Startpoint: Sel[1] (input port clocked by clk)
Endpoint: Result[6] (output port clocked by clk)
Path Group: clk
Path Type: min
Corner: Slowest

Fanout     Cap    Slew   Delay    Time   Description
-----------------------------------------------------------------------------
                  0.00    0.00    0.00   clock clk (rise edge)
                          0.00    0.00   clock network delay (ideal)
                          2.00    2.00 ^ input external delay
                  0.03    0.02    2.02 ^ Sel[1] (in)
     1    0.00                           Sel[1] (net)
                  0.03    0.00    2.02 ^ input18/A (sky130_fd_sc_hd__clkbuf_2)
                  0.19    0.25    2.27 ^ input18/X (sky130_fd_sc_hd__clkbuf_2)
     4    0.02                           net18 (net)
                  0.19    0.00    2.27 ^ _181_/A (sky130_fd_sc_hd__buf_4)
                  0.18    0.33    2.60 ^ _181_/X (sky130_fd_sc_hd__buf_4)
    10    0.04                           _114_ (net)
                  0.18    0.00    2.61 ^ _213_/A (sky130_fd_sc_hd__nor2_2)
                  0.13    0.18    2.79 v _213_/Y (sky130_fd_sc_hd__nor2_2)
     5    0.03                           _145_ (net)
                  0.13    0.00    2.79 v _320_/A1 (sky130_fd_sc_hd__a31o_1)
                  0.26    0.50    3.29 v _320_/X (sky130_fd_sc_hd__a31o_1)
     2    0.03                           net28 (net)
                  0.26    0.00    3.29 v output28/A (sky130_fd_sc_hd__clkbuf_4)
                  0.14    0.39    3.69 v output28/X (sky130_fd_sc_hd__clkbuf_4)
     1    0.03                           Result[6] (net)
                  0.14    0.00    3.69 v Result[6] (out)
                                  3.69   data arrival time

                  0.00    0.00    0.00   clock clk (rise edge)
                          0.00    0.00   clock network delay (ideal)
                          0.25    0.25   clock uncertainty
                          0.00    0.25   clock reconvergence pessimism
                         -2.00   -1.75   output external delay
                                 -1.75   data required time
-----------------------------------------------------------------------------
                                 -1.75   data required time
                                 -3.69   data arrival time
-----------------------------------------------------------------------------
                                  5.44   slack (MET)


Startpoint: A[3] (input port clocked by clk)
Endpoint: Result[3] (output port clocked by clk)
Path Group: clk
Path Type: min
Corner: Slowest

Fanout     Cap    Slew   Delay    Time   Description
-----------------------------------------------------------------------------
                  0.00    0.00    0.00   clock clk (rise edge)
                          0.00    0.00   clock network delay (ideal)
                          2.00    2.00 v input external delay
                  0.02    0.01    2.01 v A[3] (in)
     1    0.00                           A[3] (net)
                  0.02    0.00    2.01 v input4/A (sky130_fd_sc_hd__buf_4)
                  0.15    0.30    2.31 v input4/X (sky130_fd_sc_hd__buf_4)
    10    0.06                           net4 (net)
                  0.16    0.01    2.32 v _238_/A1 (sky130_fd_sc_hd__o22a_1)
                  0.07    0.38    2.70 v _238_/X (sky130_fd_sc_hd__o22a_1)
     1    0.00                           _169_ (net)
                  0.07    0.00    2.70 v _246_/B (sky130_fd_sc_hd__and4_1)
                  0.07    0.33    3.03 v _246_/X (sky130_fd_sc_hd__and4_1)
     1    0.00                           _001_ (net)
                  0.07    0.00    3.03 v _255_/A (sky130_fd_sc_hd__nand2_1)
                  0.31    0.26    3.29 ^ _255_/Y (sky130_fd_sc_hd__nand2_1)
     2    0.02                           net25 (net)
                  0.31    0.00    3.29 ^ output25/A (sky130_fd_sc_hd__clkbuf_4)
                  0.18    0.42    3.71 ^ output25/X (sky130_fd_sc_hd__clkbuf_4)
     1    0.03                           Result[3] (net)
                  0.18    0.00    3.71 ^ Result[3] (out)
                                  3.71   data arrival time

                  0.00    0.00    0.00   clock clk (rise edge)
                          0.00    0.00   clock network delay (ideal)
                          0.25    0.25   clock uncertainty
                          0.00    0.25   clock reconvergence pessimism
                         -2.00   -1.75   output external delay
                                 -1.75   data required time
-----------------------------------------------------------------------------
                                 -1.75   data required time
                                 -3.71   data arrival time
-----------------------------------------------------------------------------
                                  5.46   slack (MET)



======================= Typical Corner ===================================

Startpoint: Sel[2] (input port clocked by clk)
Endpoint: Result[1] (output port clocked by clk)
Path Group: clk
Path Type: min
Corner: Typical

Fanout     Cap    Slew   Delay    Time   Description
-----------------------------------------------------------------------------
                  0.00    0.00    0.00   clock clk (rise edge)
                          0.00    0.00   clock network delay (ideal)
                          2.00    2.00 ^ input external delay
                  0.02    0.01    2.01 ^ Sel[2] (in)
     1    0.00                           Sel[2] (net)
                  0.02    0.00    2.01 ^ input19/A (sky130_fd_sc_hd__clkbuf_2)
                  0.16    0.17    2.18 ^ input19/X (sky130_fd_sc_hd__clkbuf_2)
     7    0.03                           net19 (net)
                  0.16    0.00    2.18 ^ _182_/A (sky130_fd_sc_hd__nor4_1)
                  0.05    0.09    2.27 v _182_/Y (sky130_fd_sc_hd__nor4_1)
     2    0.01                           _115_ (net)
                  0.05    0.00    2.27 v _206_/A2 (sky130_fd_sc_hd__a31o_2)
                  0.08    0.27    2.54 v _206_/X (sky130_fd_sc_hd__a31o_2)
     2    0.02                           net23 (net)
                  0.08    0.00    2.55 v output23/A (sky130_fd_sc_hd__clkbuf_4)
                  0.08    0.19    2.74 v output23/X (sky130_fd_sc_hd__clkbuf_4)
     1    0.03                           Result[1] (net)
                  0.08    0.00    2.74 v Result[1] (out)
                                  2.74   data arrival time

                  0.00    0.00    0.00   clock clk (rise edge)
                          0.00    0.00   clock network delay (ideal)
                          0.25    0.25   clock uncertainty
                          0.00    0.25   clock reconvergence pessimism
                         -2.00   -1.75   output external delay
                                 -1.75   data required time
-----------------------------------------------------------------------------
                                 -1.75   data required time
                                 -2.74   data arrival time
-----------------------------------------------------------------------------
                                  4.49   slack (MET)


Startpoint: Sel[1] (input port clocked by clk)
Endpoint: Result[7] (output port clocked by clk)
Path Group: clk
Path Type: min
Corner: Typical

Fanout     Cap    Slew   Delay    Time   Description
-----------------------------------------------------------------------------
                  0.00    0.00    0.00   clock clk (rise edge)
                          0.00    0.00   clock network delay (ideal)
                          2.00    2.00 ^ input external delay
                  0.02    0.01    2.01 ^ Sel[1] (in)
     1    0.00                           Sel[1] (net)
                  0.02    0.00    2.01 ^ input18/A (sky130_fd_sc_hd__clkbuf_2)
                  0.12    0.15    2.16 ^ input18/X (sky130_fd_sc_hd__clkbuf_2)
     4    0.02                           net18 (net)
                  0.12    0.00    2.16 ^ _181_/A (sky130_fd_sc_hd__buf_4)
                  0.11    0.18    2.34 ^ _181_/X (sky130_fd_sc_hd__buf_4)
    10    0.04                           _114_ (net)
                  0.11    0.00    2.34 ^ _342_/D1 (sky130_fd_sc_hd__a2111o_1)
                  0.09    0.14    2.48 ^ _342_/X (sky130_fd_sc_hd__a2111o_1)
     1    0.01                           _093_ (net)
                  0.09    0.00    2.48 ^ _343_/C1 (sky130_fd_sc_hd__o211ai_4)
                  0.11    0.12    2.60 v _343_/Y (sky130_fd_sc_hd__o211ai_4)
     2    0.03                           net29 (net)
                  0.11    0.00    2.60 v output29/A (sky130_fd_sc_hd__clkbuf_4)
                  0.08    0.20    2.80 v output29/X (sky130_fd_sc_hd__clkbuf_4)
     1    0.03                           Result[7] (net)
                  0.08    0.00    2.80 v Result[7] (out)
                                  2.80   data arrival time

                  0.00    0.00    0.00   clock clk (rise edge)
                          0.00    0.00   clock network delay (ideal)
                          0.25    0.25   clock uncertainty
                          0.00    0.25   clock reconvergence pessimism
                         -2.00   -1.75   output external delay
                                 -1.75   data required time
-----------------------------------------------------------------------------
                                 -1.75   data required time
                                 -2.80   data arrival time
-----------------------------------------------------------------------------
                                  4.55   slack (MET)


Startpoint: B[0] (input port clocked by clk)
Endpoint: Result[0] (output port clocked by clk)
Path Group: clk
Path Type: min
Corner: Typical

Fanout     Cap    Slew   Delay    Time   Description
-----------------------------------------------------------------------------
                  0.00    0.00    0.00   clock clk (rise edge)
                          0.00    0.00   clock network delay (ideal)
                          2.00    2.00 ^ input external delay
                  0.02    0.01    2.01 ^ B[0] (in)
     1    0.00                           B[0] (net)
                  0.02    0.00    2.01 ^ input9/A (sky130_fd_sc_hd__dlymetal6s2s_1)
                  0.19    0.18    2.19 ^ input9/X (sky130_fd_sc_hd__dlymetal6s2s_1)
     3    0.02                           net9 (net)
                  0.19    0.00    2.19 ^ _350_/A (sky130_fd_sc_hd__or2_1)
                  0.12    0.18    2.37 ^ _350_/X (sky130_fd_sc_hd__or2_1)
     3    0.01                           _099_ (net)
                  0.12    0.00    2.37 ^ _354_/A2 (sky130_fd_sc_hd__a211o_1)
                  0.17    0.22    2.59 ^ _354_/X (sky130_fd_sc_hd__a211o_1)
     2    0.02                           net22 (net)
                  0.17    0.00    2.59 ^ output22/A (sky130_fd_sc_hd__clkbuf_4)
                  0.12    0.22    2.81 ^ output22/X (sky130_fd_sc_hd__clkbuf_4)
     1    0.04                           Result[0] (net)
                  0.12    0.00    2.81 ^ Result[0] (out)
                                  2.81   data arrival time

                  0.00    0.00    0.00   clock clk (rise edge)
                          0.00    0.00   clock network delay (ideal)
                          0.25    0.25   clock uncertainty
                          0.00    0.25   clock reconvergence pessimism
                         -2.00   -1.75   output external delay
                                 -1.75   data required time
-----------------------------------------------------------------------------
                                 -1.75   data required time
                                 -2.81   data arrival time
-----------------------------------------------------------------------------
                                  4.56   slack (MET)


Startpoint: Sel[1] (input port clocked by clk)
Endpoint: Result[2] (output port clocked by clk)
Path Group: clk
Path Type: min
Corner: Typical

Fanout     Cap    Slew   Delay    Time   Description
-----------------------------------------------------------------------------
                  0.00    0.00    0.00   clock clk (rise edge)
                          0.00    0.00   clock network delay (ideal)
                          2.00    2.00 ^ input external delay
                  0.02    0.01    2.01 ^ Sel[1] (in)
     1    0.00                           Sel[1] (net)
                  0.02    0.00    2.01 ^ input18/A (sky130_fd_sc_hd__clkbuf_2)
                  0.12    0.15    2.16 ^ input18/X (sky130_fd_sc_hd__clkbuf_2)
     4    0.02                           net18 (net)
                  0.12    0.00    2.16 ^ _181_/A (sky130_fd_sc_hd__buf_4)
                  0.11    0.18    2.34 ^ _181_/X (sky130_fd_sc_hd__buf_4)
    10    0.04                           _114_ (net)
                  0.11    0.00    2.34 ^ _213_/A (sky130_fd_sc_hd__nor2_2)
                  0.07    0.09    2.44 v _213_/Y (sky130_fd_sc_hd__nor2_2)
     5    0.03                           _145_ (net)
                  0.07    0.00    2.44 v _215_/A (sky130_fd_sc_hd__nand2_1)
                  0.06    0.08    2.51 ^ _215_/Y (sky130_fd_sc_hd__nand2_1)
     1    0.01                           _147_ (net)
                  0.06    0.00    2.51 ^ _233_/A2 (sky130_fd_sc_hd__o21ai_2)
                  0.09    0.10    2.61 v _233_/Y (sky130_fd_sc_hd__o21ai_2)
     2    0.02                           net24 (net)
                  0.09    0.00    2.61 v output24/A (sky130_fd_sc_hd__clkbuf_4)
                  0.08    0.19    2.81 v output24/X (sky130_fd_sc_hd__clkbuf_4)
     1    0.03                           Result[2] (net)
                  0.08    0.00    2.81 v Result[2] (out)
                                  2.81   data arrival time

                  0.00    0.00    0.00   clock clk (rise edge)
                          0.00    0.00   clock network delay (ideal)
                          0.25    0.25   clock uncertainty
                          0.00    0.25   clock reconvergence pessimism
                         -2.00   -1.75   output external delay
                                 -1.75   data required time
-----------------------------------------------------------------------------
                                 -1.75   data required time
                                 -2.81   data arrival time
-----------------------------------------------------------------------------
                                  4.56   slack (MET)


Startpoint: B[4] (input port clocked by clk)
Endpoint: Zero (output port clocked by clk)
Path Group: clk
Path Type: min
Corner: Typical

Fanout     Cap    Slew   Delay    Time   Description
-----------------------------------------------------------------------------
                  0.00    0.00    0.00   clock clk (rise edge)
                          0.00    0.00   clock network delay (ideal)
                          2.00    2.00 ^ input external delay
                  0.02    0.01    2.01 ^ B[4] (in)
     1    0.00                           B[4] (net)
                  0.02    0.00    2.01 ^ input13/A (sky130_fd_sc_hd__clkbuf_2)
                  0.12    0.14    2.16 ^ input13/X (sky130_fd_sc_hd__clkbuf_2)
     4    0.02                           net13 (net)
                  0.12    0.00    2.16 ^ _256_/B (sky130_fd_sc_hd__nor2_1)
                  0.05    0.07    2.23 v _256_/Y (sky130_fd_sc_hd__nor2_1)
     2    0.01                           _010_ (net)
                  0.05    0.00    2.23 v _264_/A (sky130_fd_sc_hd__nor2_1)
                  0.21    0.19    2.42 ^ _264_/Y (sky130_fd_sc_hd__nor2_1)
     3    0.01                           _018_ (net)
                  0.21    0.00    2.42 ^ _360_/A (sky130_fd_sc_hd__or4bb_1)
                  0.06    0.16    2.58 ^ _360_/X (sky130_fd_sc_hd__or4bb_1)
     1    0.01                           _108_ (net)
                  0.06    0.00    2.58 ^ _361_/B1 (sky130_fd_sc_hd__o31ai_2)
                  0.05    0.08    2.66 v _361_/Y (sky130_fd_sc_hd__o31ai_2)
     1    0.01                           net30 (net)
                  0.05    0.00    2.66 v output30/A (sky130_fd_sc_hd__buf_4)
                  0.06    0.16    2.82 v output30/X (sky130_fd_sc_hd__buf_4)
     1    0.03                           Zero (net)
                  0.06    0.00    2.82 v Zero (out)
                                  2.82   data arrival time

                  0.00    0.00    0.00   clock clk (rise edge)
                          0.00    0.00   clock network delay (ideal)
                          0.25    0.25   clock uncertainty
                          0.00    0.25   clock reconvergence pessimism
                         -2.00   -1.75   output external delay
                                 -1.75   data required time
-----------------------------------------------------------------------------
                                 -1.75   data required time
                                 -2.82   data arrival time
-----------------------------------------------------------------------------
                                  4.57   slack (MET)


Startpoint: B[7] (input port clocked by clk)
Endpoint: CarryOut (output port clocked by clk)
Path Group: clk
Path Type: min
Corner: Typical

Fanout     Cap    Slew   Delay    Time   Description
-----------------------------------------------------------------------------
                  0.00    0.00    0.00   clock clk (rise edge)
                          0.00    0.00   clock network delay (ideal)
                          2.00    2.00 ^ input external delay
                  0.02    0.01    2.01 ^ B[7] (in)
     1    0.00                           B[7] (net)
                  0.02    0.00    2.01 ^ input16/A (sky130_fd_sc_hd__clkbuf_2)
                  0.16    0.17    2.18 ^ input16/X (sky130_fd_sc_hd__clkbuf_2)
     4    0.03                           net16 (net)
                  0.16    0.00    2.18 ^ _345_/A2 (sky130_fd_sc_hd__o211a_1)
                  0.05    0.15    2.33 ^ _345_/X (sky130_fd_sc_hd__o211a_1)
     1    0.00                           _095_ (net)
                  0.05    0.00    2.33 ^ _348_/A (sky130_fd_sc_hd__or3b_1)
                  0.12    0.14    2.48 ^ _348_/X (sky130_fd_sc_hd__or3b_1)
     1    0.01                           _098_ (net)
                  0.12    0.00    2.48 ^ _349_/A (sky130_fd_sc_hd__buf_1)
                  0.11    0.14    2.62 ^ _349_/X (sky130_fd_sc_hd__buf_1)
     1    0.01                           net21 (net)
                  0.11    0.00    2.62 ^ output21/A (sky130_fd_sc_hd__clkbuf_4)
                  0.11    0.20    2.82 ^ output21/X (sky130_fd_sc_hd__clkbuf_4)
     1    0.03                           CarryOut (net)
                  0.11    0.00    2.82 ^ CarryOut (out)
                                  2.82   data arrival time

                  0.00    0.00    0.00   clock clk (rise edge)
                          0.00    0.00   clock network delay (ideal)
                          0.25    0.25   clock uncertainty
                          0.00    0.25   clock reconvergence pessimism
                         -2.00   -1.75   output external delay
                                 -1.75   data required time
-----------------------------------------------------------------------------
                                 -1.75   data required time
                                 -2.82   data arrival time
-----------------------------------------------------------------------------
                                  4.57   slack (MET)


Startpoint: A[3] (input port clocked by clk)
Endpoint: Result[3] (output port clocked by clk)
Path Group: clk
Path Type: min
Corner: Typical

Fanout     Cap    Slew   Delay    Time   Description
-----------------------------------------------------------------------------
                  0.00    0.00    0.00   clock clk (rise edge)
                          0.00    0.00   clock network delay (ideal)
                          2.00    2.00 v input external delay
                  0.01    0.00    2.00 v A[3] (in)
     1    0.00                           A[3] (net)
                  0.01    0.00    2.00 v input4/A (sky130_fd_sc_hd__buf_4)
                  0.09    0.17    2.17 v input4/X (sky130_fd_sc_hd__buf_4)
    10    0.06                           net4 (net)
                  0.09    0.01    2.18 v _235_/A (sky130_fd_sc_hd__nand2_1)
                  0.04    0.07    2.24 ^ _235_/Y (sky130_fd_sc_hd__nand2_1)
     1    0.00                           _166_ (net)
                  0.04    0.00    2.24 ^ _236_/A2 (sky130_fd_sc_hd__a21o_1)
                  0.04    0.10    2.35 ^ _236_/X (sky130_fd_sc_hd__a21o_1)
     1    0.00                           _167_ (net)
                  0.04    0.00    2.35 ^ _246_/A (sky130_fd_sc_hd__and4_1)
                  0.06    0.15    2.50 ^ _246_/X (sky130_fd_sc_hd__and4_1)
     1    0.00                           _001_ (net)
                  0.06    0.00    2.50 ^ _255_/A (sky130_fd_sc_hd__nand2_1)
                  0.15    0.13    2.63 v _255_/Y (sky130_fd_sc_hd__nand2_1)
     2    0.02                           net25 (net)
                  0.15    0.00    2.64 v output25/A (sky130_fd_sc_hd__clkbuf_4)
                  0.08    0.22    2.85 v output25/X (sky130_fd_sc_hd__clkbuf_4)
     1    0.03                           Result[3] (net)
                  0.08    0.00    2.85 v Result[3] (out)
                                  2.85   data arrival time

                  0.00    0.00    0.00   clock clk (rise edge)
                          0.00    0.00   clock network delay (ideal)
                          0.25    0.25   clock uncertainty
                          0.00    0.25   clock reconvergence pessimism
                         -2.00   -1.75   output external delay
                                 -1.75   data required time
-----------------------------------------------------------------------------
                                 -1.75   data required time
                                 -2.85   data arrival time
-----------------------------------------------------------------------------
                                  4.60   slack (MET)


Startpoint: B[4] (input port clocked by clk)
Endpoint: Result[4] (output port clocked by clk)
Path Group: clk
Path Type: min
Corner: Typical

Fanout     Cap    Slew   Delay    Time   Description
-----------------------------------------------------------------------------
                  0.00    0.00    0.00   clock clk (rise edge)
                          0.00    0.00   clock network delay (ideal)
                          2.00    2.00 ^ input external delay
                  0.02    0.01    2.01 ^ B[4] (in)
     1    0.00                           B[4] (net)
                  0.02    0.00    2.01 ^ input13/A (sky130_fd_sc_hd__clkbuf_2)
                  0.12    0.14    2.16 ^ input13/X (sky130_fd_sc_hd__clkbuf_2)
     4    0.02                           net13 (net)
                  0.12    0.00    2.16 ^ _256_/B (sky130_fd_sc_hd__nor2_1)
                  0.05    0.07    2.23 v _256_/Y (sky130_fd_sc_hd__nor2_1)
     2    0.01                           _010_ (net)
                  0.05    0.00    2.23 v _262_/A1 (sky130_fd_sc_hd__o221ai_1)
                  0.07    0.17    2.40 ^ _262_/Y (sky130_fd_sc_hd__o221ai_1)
     1    0.00                           _016_ (net)
                  0.07    0.00    2.40 ^ _278_/A (sky130_fd_sc_hd__or3b_1)
                  0.04    0.10    2.50 ^ _278_/X (sky130_fd_sc_hd__or3b_1)
     1    0.00                           _032_ (net)
                  0.04    0.00    2.50 ^ _279_/A (sky130_fd_sc_hd__clkbuf_2)
                  0.13    0.15    2.65 ^ _279_/X (sky130_fd_sc_hd__clkbuf_2)
     2    0.02                           net26 (net)
                  0.13    0.00    2.66 ^ output26/A (sky130_fd_sc_hd__clkbuf_4)
                  0.11    0.20    2.86 ^ output26/X (sky130_fd_sc_hd__clkbuf_4)
     1    0.03                           Result[4] (net)
                  0.11    0.00    2.86 ^ Result[4] (out)
                                  2.86   data arrival time

                  0.00    0.00    0.00   clock clk (rise edge)
                          0.00    0.00   clock network delay (ideal)
                          0.25    0.25   clock uncertainty
                          0.00    0.25   clock reconvergence pessimism
                         -2.00   -1.75   output external delay
                                 -1.75   data required time
-----------------------------------------------------------------------------
                                 -1.75   data required time
                                 -2.86   data arrival time
-----------------------------------------------------------------------------
                                  4.61   slack (MET)


Startpoint: Sel[1] (input port clocked by clk)
Endpoint: Result[5] (output port clocked by clk)
Path Group: clk
Path Type: min
Corner: Typical

Fanout     Cap    Slew   Delay    Time   Description
-----------------------------------------------------------------------------
                  0.00    0.00    0.00   clock clk (rise edge)
                          0.00    0.00   clock network delay (ideal)
                          2.00    2.00 ^ input external delay
                  0.02    0.01    2.01 ^ Sel[1] (in)
     1    0.00                           Sel[1] (net)
                  0.02    0.00    2.01 ^ input18/A (sky130_fd_sc_hd__clkbuf_2)
                  0.12    0.15    2.16 ^ input18/X (sky130_fd_sc_hd__clkbuf_2)
     4    0.02                           net18 (net)
                  0.12    0.00    2.16 ^ _181_/A (sky130_fd_sc_hd__buf_4)
                  0.11    0.18    2.34 ^ _181_/X (sky130_fd_sc_hd__buf_4)
    10    0.04                           _114_ (net)
                  0.11    0.00    2.34 ^ _213_/A (sky130_fd_sc_hd__nor2_2)
                  0.07    0.09    2.44 v _213_/Y (sky130_fd_sc_hd__nor2_2)
     5    0.03                           _145_ (net)
                  0.07    0.00    2.44 v _299_/A1 (sky130_fd_sc_hd__a31o_1)
                  0.11    0.24    2.68 v _299_/X (sky130_fd_sc_hd__a31o_1)
     2    0.02                           net27 (net)
                  0.11    0.00    2.68 v output27/A (sky130_fd_sc_hd__clkbuf_4)
                  0.08    0.20    2.88 v output27/X (sky130_fd_sc_hd__clkbuf_4)
     1    0.03                           Result[5] (net)
                  0.08    0.00    2.88 v Result[5] (out)
                                  2.88   data arrival time

                  0.00    0.00    0.00   clock clk (rise edge)
                          0.00    0.00   clock network delay (ideal)
                          0.25    0.25   clock uncertainty
                          0.00    0.25   clock reconvergence pessimism
                         -2.00   -1.75   output external delay
                                 -1.75   data required time
-----------------------------------------------------------------------------
                                 -1.75   data required time
                                 -2.88   data arrival time
-----------------------------------------------------------------------------
                                  4.63   slack (MET)


Startpoint: A[6] (input port clocked by clk)
Endpoint: Result[6] (output port clocked by clk)
Path Group: clk
Path Type: min
Corner: Typical

Fanout     Cap    Slew   Delay    Time   Description
-----------------------------------------------------------------------------
                  0.00    0.00    0.00   clock clk (rise edge)
                          0.00    0.00   clock network delay (ideal)
                          2.00    2.00 v input external delay
                  0.01    0.00    2.00 v A[6] (in)
     1    0.00                           A[6] (net)
                  0.01    0.00    2.00 v input7/A (sky130_fd_sc_hd__buf_2)
                  0.09    0.16    2.16 v input7/X (sky130_fd_sc_hd__buf_2)
     8    0.04                           net7 (net)
                  0.09    0.00    2.17 v _317_/A (sky130_fd_sc_hd__nand2_1)
                  0.05    0.08    2.24 ^ _317_/Y (sky130_fd_sc_hd__nand2_1)
     1    0.00                           _069_ (net)
                  0.05    0.00    2.24 ^ _318_/A2 (sky130_fd_sc_hd__a21o_1)
                  0.05    0.11    2.35 ^ _318_/X (sky130_fd_sc_hd__a21o_1)
     1    0.00                           _070_ (net)
                  0.05    0.00    2.35 ^ _319_/C1 (sky130_fd_sc_hd__o211ai_1)
                  0.05    0.07    2.42 v _319_/Y (sky130_fd_sc_hd__o211ai_1)
     1    0.00                           _071_ (net)
                  0.05    0.00    2.42 v _320_/B1 (sky130_fd_sc_hd__a31o_1)
                  0.14    0.27    2.69 v _320_/X (sky130_fd_sc_hd__a31o_1)
     2    0.03                           net28 (net)
                  0.14    0.00    2.69 v output28/A (sky130_fd_sc_hd__clkbuf_4)
                  0.08    0.21    2.91 v output28/X (sky130_fd_sc_hd__clkbuf_4)
     1    0.03                           Result[6] (net)
                  0.08    0.00    2.91 v Result[6] (out)
                                  2.91   data arrival time

                  0.00    0.00    0.00   clock clk (rise edge)
                          0.00    0.00   clock network delay (ideal)
                          0.25    0.25   clock uncertainty
                          0.00    0.25   clock reconvergence pessimism
                         -2.00   -1.75   output external delay
                                 -1.75   data required time
-----------------------------------------------------------------------------
                                 -1.75   data required time
                                 -2.91   data arrival time
-----------------------------------------------------------------------------
                                  4.66   slack (MET)



