
===========================================================================
report_checks -path_delay max (Setup)
============================================================================
======================= Typical Corner ===================================

Startpoint: A[1] (input port clocked by clk)
Endpoint: Zero (output port clocked by clk)
Path Group: clk
Path Type: max

Fanout     Cap    Slew   Delay    Time   Description
-----------------------------------------------------------------------------
                  0.00    0.00    0.00   clock clk (rise edge)
                          0.00    0.00   clock network delay (ideal)
                          2.00    2.00 v input external delay
                  0.01    0.00    2.00 v A[1] (in)
     1    0.00                           A[1] (net)
                  0.01    0.00    2.00 v input2/A (sky130_fd_sc_hd__buf_2)
                  0.03    0.11    2.11 v input2/X (sky130_fd_sc_hd__buf_2)
     1    0.00                           net2 (net)
                  0.03    0.00    2.11 v _176_/A (sky130_fd_sc_hd__buf_6)
                  0.05    0.14    2.25 v _176_/X (sky130_fd_sc_hd__buf_6)
    10    0.04                           _109_ (net)
                  0.05    0.00    2.25 v _217_/B (sky130_fd_sc_hd__or3_4)
                  0.07    0.39    2.63 v _217_/X (sky130_fd_sc_hd__or3_4)
     3    0.01                           _149_ (net)
                  0.07    0.00    2.63 v _234_/B (sky130_fd_sc_hd__or2_4)
                  0.06    0.26    2.89 v _234_/X (sky130_fd_sc_hd__or2_4)
     4    0.01                           _165_ (net)
                  0.06    0.00    2.89 v _260_/B (sky130_fd_sc_hd__xor2_1)
                  0.11    0.13    3.02 ^ _260_/X (sky130_fd_sc_hd__xor2_1)
     1    0.00                           _014_ (net)
                  0.11    0.00    3.02 ^ _262_/B1 (sky130_fd_sc_hd__o221ai_1)
                  0.08    0.13    3.15 v _262_/Y (sky130_fd_sc_hd__o221ai_1)
     1    0.00                           _016_ (net)
                  0.08    0.00    3.15 v _278_/A (sky130_fd_sc_hd__or3b_4)
                  0.07    0.42    3.57 v _278_/X (sky130_fd_sc_hd__or3b_4)
     1    0.00                           _032_ (net)
                  0.07    0.00    3.57 v _279_/A (sky130_fd_sc_hd__buf_6)
                  0.02    0.12    3.69 v _279_/X (sky130_fd_sc_hd__buf_6)
     2    0.00                           net26 (net)
                  0.02    0.00    3.69 v _357_/B (sky130_fd_sc_hd__or4_4)
                  0.09    0.54    4.22 v _357_/X (sky130_fd_sc_hd__or4_4)
     1    0.01                           _105_ (net)
                  0.09    0.00    4.22 v _361_/A3 (sky130_fd_sc_hd__o31ai_4)
                  0.17    0.19    4.42 ^ _361_/Y (sky130_fd_sc_hd__o31ai_4)
     1    0.00                           net30 (net)
                  0.17    0.00    4.42 ^ output30/A (sky130_fd_sc_hd__buf_6)
                  0.08    0.17    4.58 ^ output30/X (sky130_fd_sc_hd__buf_6)
     1    0.03                           Zero (net)
                  0.08    0.00    4.58 ^ Zero (out)
                                  4.58   data arrival time

                  0.00   10.00   10.00   clock clk (rise edge)
                          0.00   10.00   clock network delay (ideal)
                         -0.25    9.75   clock uncertainty
                          0.00    9.75   clock reconvergence pessimism
                         -2.00    7.75   output external delay
                                  7.75   data required time
-----------------------------------------------------------------------------
                                  7.75   data required time
                                 -4.58   data arrival time
-----------------------------------------------------------------------------
                                  3.17   slack (MET)


Startpoint: A[1] (input port clocked by clk)
Endpoint: Result[7] (output port clocked by clk)
Path Group: clk
Path Type: max

Fanout     Cap    Slew   Delay    Time   Description
-----------------------------------------------------------------------------
                  0.00    0.00    0.00   clock clk (rise edge)
                          0.00    0.00   clock network delay (ideal)
                          2.00    2.00 v input external delay
                  0.01    0.00    2.00 v A[1] (in)
     1    0.00                           A[1] (net)
                  0.01    0.00    2.00 v input2/A (sky130_fd_sc_hd__buf_2)
                  0.03    0.11    2.11 v input2/X (sky130_fd_sc_hd__buf_2)
     1    0.00                           net2 (net)
                  0.03    0.00    2.11 v _176_/A (sky130_fd_sc_hd__buf_6)
                  0.05    0.14    2.25 v _176_/X (sky130_fd_sc_hd__buf_6)
    10    0.04                           _109_ (net)
                  0.05    0.00    2.25 v _177_/A (sky130_fd_sc_hd__xnor2_4)
                  0.07    0.16    2.41 v _177_/Y (sky130_fd_sc_hd__xnor2_4)
     7    0.02                           _110_ (net)
                  0.07    0.00    2.41 v rebuffer1/A (sky130_fd_sc_hd__clkbuf_1)
                  0.04    0.11    2.53 v rebuffer1/X (sky130_fd_sc_hd__clkbuf_1)
     2    0.00                           net32 (net)
                  0.04    0.00    2.53 v _211_/A1 (sky130_fd_sc_hd__a21o_1)
                  0.05    0.17    2.70 v _211_/X (sky130_fd_sc_hd__a21o_1)
     3    0.01                           _143_ (net)
                  0.05    0.00    2.70 v _275_/A2 (sky130_fd_sc_hd__a31o_1)
                  0.06    0.23    2.93 v _275_/X (sky130_fd_sc_hd__a31o_1)
     3    0.01                           _029_ (net)
                  0.06    0.00    2.93 v _284_/B2 (sky130_fd_sc_hd__a22o_1)
                  0.06    0.22    3.16 v _284_/X (sky130_fd_sc_hd__a22o_1)
     3    0.01                           _037_ (net)
                  0.06    0.00    3.16 v _304_/A2 (sky130_fd_sc_hd__a21o_1)
                  0.06    0.21    3.37 v _304_/X (sky130_fd_sc_hd__a21o_1)
     4    0.01                           _056_ (net)
                  0.06    0.00    3.37 v _340_/A2 (sky130_fd_sc_hd__a21o_1)
                  0.04    0.19    3.56 v _340_/X (sky130_fd_sc_hd__a21o_1)
     2    0.00                           _091_ (net)
                  0.04    0.00    3.56 v _342_/A2 (sky130_fd_sc_hd__a2111o_1)
                  0.09    0.46    4.02 v _342_/X (sky130_fd_sc_hd__a2111o_1)
     1    0.01                           _093_ (net)
                  0.09    0.00    4.02 v _343_/C1 (sky130_fd_sc_hd__o211ai_4)
                  0.18    0.10    4.12 ^ _343_/Y (sky130_fd_sc_hd__o211ai_4)
     2    0.01                           net29 (net)
                  0.18    0.00    4.12 ^ output29/A (sky130_fd_sc_hd__clkbuf_4)
                  0.11    0.24    4.36 ^ output29/X (sky130_fd_sc_hd__clkbuf_4)
     1    0.03                           Result[7] (net)
                  0.11    0.00    4.36 ^ Result[7] (out)
                                  4.36   data arrival time

                  0.00   10.00   10.00   clock clk (rise edge)
                          0.00   10.00   clock network delay (ideal)
                         -0.25    9.75   clock uncertainty
                          0.00    9.75   clock reconvergence pessimism
                         -2.00    7.75   output external delay
                                  7.75   data required time
-----------------------------------------------------------------------------
                                  7.75   data required time
                                 -4.36   data arrival time
-----------------------------------------------------------------------------
                                  3.39   slack (MET)


Startpoint: A[1] (input port clocked by clk)
Endpoint: CarryOut (output port clocked by clk)
Path Group: clk
Path Type: max

Fanout     Cap    Slew   Delay    Time   Description
-----------------------------------------------------------------------------
                  0.00    0.00    0.00   clock clk (rise edge)
                          0.00    0.00   clock network delay (ideal)
                          2.00    2.00 v input external delay
                  0.01    0.00    2.00 v A[1] (in)
     1    0.00                           A[1] (net)
                  0.01    0.00    2.00 v input2/A (sky130_fd_sc_hd__buf_2)
                  0.03    0.11    2.11 v input2/X (sky130_fd_sc_hd__buf_2)
     1    0.00                           net2 (net)
                  0.03    0.00    2.11 v _176_/A (sky130_fd_sc_hd__buf_6)
                  0.05    0.14    2.25 v _176_/X (sky130_fd_sc_hd__buf_6)
    10    0.04                           _109_ (net)
                  0.05    0.00    2.25 v _177_/A (sky130_fd_sc_hd__xnor2_4)
                  0.19    0.22    2.47 ^ _177_/Y (sky130_fd_sc_hd__xnor2_4)
     7    0.02                           _110_ (net)
                  0.19    0.00    2.47 ^ _228_/A1 (sky130_fd_sc_hd__o21ai_2)
                  0.06    0.10    2.57 v _228_/Y (sky130_fd_sc_hd__o21ai_2)
     3    0.01                           _160_ (net)
                  0.06    0.00    2.57 v _266_/B2 (sky130_fd_sc_hd__a221o_1)
                  0.06    0.35    2.92 v _266_/X (sky130_fd_sc_hd__a221o_1)
     2    0.00                           _020_ (net)
                  0.06    0.00    2.92 v _287_/A3 (sky130_fd_sc_hd__a31o_1)
                  0.06    0.26    3.18 v _287_/X (sky130_fd_sc_hd__a31o_1)
     2    0.01                           _040_ (net)
                  0.06    0.00    3.18 v _307_/A2 (sky130_fd_sc_hd__a21boi_2)
                  0.15    0.19    3.37 ^ _307_/Y (sky130_fd_sc_hd__a21boi_2)
     2    0.01                           _059_ (net)
                  0.15    0.00    3.37 ^ _324_/A2 (sky130_fd_sc_hd__o21ai_2)
                  0.07    0.09    3.46 v _324_/Y (sky130_fd_sc_hd__o21ai_2)
     2    0.01                           _075_ (net)
                  0.07    0.00    3.46 v _346_/A2 (sky130_fd_sc_hd__o211a_1)
                  0.04    0.21    3.67 v _346_/X (sky130_fd_sc_hd__o211a_1)
     1    0.00                           _096_ (net)
                  0.04    0.00    3.67 v _348_/B (sky130_fd_sc_hd__or3b_4)
                  0.06    0.37    4.04 v _348_/X (sky130_fd_sc_hd__or3b_4)
     1    0.00                           _098_ (net)
                  0.06    0.00    4.04 v _349_/A (sky130_fd_sc_hd__clkbuf_2)
                  0.02    0.11    4.15 v _349_/X (sky130_fd_sc_hd__clkbuf_2)
     1    0.00                           net21 (net)
                  0.02    0.00    4.15 v output21/A (sky130_fd_sc_hd__clkbuf_4)
                  0.08    0.18    4.33 v output21/X (sky130_fd_sc_hd__clkbuf_4)
     1    0.03                           CarryOut (net)
                  0.08    0.00    4.33 v CarryOut (out)
                                  4.33   data arrival time

                  0.00   10.00   10.00   clock clk (rise edge)
                          0.00   10.00   clock network delay (ideal)
                         -0.25    9.75   clock uncertainty
                          0.00    9.75   clock reconvergence pessimism
                         -2.00    7.75   output external delay
                                  7.75   data required time
-----------------------------------------------------------------------------
                                  7.75   data required time
                                 -4.33   data arrival time
-----------------------------------------------------------------------------
                                  3.42   slack (MET)


Startpoint: A[1] (input port clocked by clk)
Endpoint: Result[6] (output port clocked by clk)
Path Group: clk
Path Type: max

Fanout     Cap    Slew   Delay    Time   Description
-----------------------------------------------------------------------------
                  0.00    0.00    0.00   clock clk (rise edge)
                          0.00    0.00   clock network delay (ideal)
                          2.00    2.00 v input external delay
                  0.01    0.00    2.00 v A[1] (in)
     1    0.00                           A[1] (net)
                  0.01    0.00    2.00 v input2/A (sky130_fd_sc_hd__buf_2)
                  0.03    0.11    2.11 v input2/X (sky130_fd_sc_hd__buf_2)
     1    0.00                           net2 (net)
                  0.03    0.00    2.11 v _176_/A (sky130_fd_sc_hd__buf_6)
                  0.05    0.14    2.25 v _176_/X (sky130_fd_sc_hd__buf_6)
    10    0.04                           _109_ (net)
                  0.05    0.00    2.25 v _177_/A (sky130_fd_sc_hd__xnor2_4)
                  0.07    0.16    2.41 v _177_/Y (sky130_fd_sc_hd__xnor2_4)
     7    0.02                           _110_ (net)
                  0.07    0.00    2.41 v rebuffer1/A (sky130_fd_sc_hd__clkbuf_1)
                  0.04    0.11    2.53 v rebuffer1/X (sky130_fd_sc_hd__clkbuf_1)
     2    0.00                           net32 (net)
                  0.04    0.00    2.53 v _211_/A1 (sky130_fd_sc_hd__a21o_1)
                  0.05    0.17    2.70 v _211_/X (sky130_fd_sc_hd__a21o_1)
     3    0.01                           _143_ (net)
                  0.05    0.00    2.70 v _275_/A2 (sky130_fd_sc_hd__a31o_1)
                  0.06    0.23    2.93 v _275_/X (sky130_fd_sc_hd__a31o_1)
     3    0.01                           _029_ (net)
                  0.06    0.00    2.93 v _284_/B2 (sky130_fd_sc_hd__a22o_1)
                  0.06    0.22    3.16 v _284_/X (sky130_fd_sc_hd__a22o_1)
     3    0.01                           _037_ (net)
                  0.06    0.00    3.16 v _304_/A2 (sky130_fd_sc_hd__a21o_1)
                  0.06    0.21    3.37 v _304_/X (sky130_fd_sc_hd__a21o_1)
     4    0.01                           _056_ (net)
                  0.06    0.00    3.37 v _306_/B (sky130_fd_sc_hd__or2_1)
                  0.06    0.23    3.60 v _306_/X (sky130_fd_sc_hd__or2_1)
     1    0.00                           _058_ (net)
                  0.06    0.00    3.60 v _320_/A3 (sky130_fd_sc_hd__a31o_4)
                  0.04    0.26    3.86 v _320_/X (sky130_fd_sc_hd__a31o_4)
     2    0.01                           net28 (net)
                  0.04    0.00    3.86 v output28/A (sky130_fd_sc_hd__buf_2)
                  0.09    0.19    4.05 v output28/X (sky130_fd_sc_hd__buf_2)
     1    0.03                           Result[6] (net)
                  0.09    0.00    4.05 v Result[6] (out)
                                  4.05   data arrival time

                  0.00   10.00   10.00   clock clk (rise edge)
                          0.00   10.00   clock network delay (ideal)
                         -0.25    9.75   clock uncertainty
                          0.00    9.75   clock reconvergence pessimism
                         -2.00    7.75   output external delay
                                  7.75   data required time
-----------------------------------------------------------------------------
                                  7.75   data required time
                                 -4.05   data arrival time
-----------------------------------------------------------------------------
                                  3.70   slack (MET)


Startpoint: A[1] (input port clocked by clk)
Endpoint: Result[4] (output port clocked by clk)
Path Group: clk
Path Type: max

Fanout     Cap    Slew   Delay    Time   Description
-----------------------------------------------------------------------------
                  0.00    0.00    0.00   clock clk (rise edge)
                          0.00    0.00   clock network delay (ideal)
                          2.00    2.00 v input external delay
                  0.01    0.00    2.00 v A[1] (in)
     1    0.00                           A[1] (net)
                  0.01    0.00    2.00 v input2/A (sky130_fd_sc_hd__buf_2)
                  0.03    0.11    2.11 v input2/X (sky130_fd_sc_hd__buf_2)
     1    0.00                           net2 (net)
                  0.03    0.00    2.11 v _176_/A (sky130_fd_sc_hd__buf_6)
                  0.05    0.14    2.25 v _176_/X (sky130_fd_sc_hd__buf_6)
    10    0.04                           _109_ (net)
                  0.05    0.00    2.25 v _217_/B (sky130_fd_sc_hd__or3_4)
                  0.07    0.39    2.63 v _217_/X (sky130_fd_sc_hd__or3_4)
     3    0.01                           _149_ (net)
                  0.07    0.00    2.63 v _234_/B (sky130_fd_sc_hd__or2_4)
                  0.06    0.26    2.89 v _234_/X (sky130_fd_sc_hd__or2_4)
     4    0.01                           _165_ (net)
                  0.06    0.00    2.89 v _260_/B (sky130_fd_sc_hd__xor2_1)
                  0.11    0.13    3.02 ^ _260_/X (sky130_fd_sc_hd__xor2_1)
     1    0.00                           _014_ (net)
                  0.11    0.00    3.02 ^ _262_/B1 (sky130_fd_sc_hd__o221ai_1)
                  0.08    0.13    3.15 v _262_/Y (sky130_fd_sc_hd__o221ai_1)
     1    0.00                           _016_ (net)
                  0.08    0.00    3.15 v _278_/A (sky130_fd_sc_hd__or3b_4)
                  0.07    0.42    3.57 v _278_/X (sky130_fd_sc_hd__or3b_4)
     1    0.00                           _032_ (net)
                  0.07    0.00    3.57 v _279_/A (sky130_fd_sc_hd__buf_6)
                  0.02    0.12    3.69 v _279_/X (sky130_fd_sc_hd__buf_6)
     2    0.00                           net26 (net)
                  0.02    0.00    3.69 v output26/A (sky130_fd_sc_hd__clkbuf_4)
                  0.08    0.18    3.87 v output26/X (sky130_fd_sc_hd__clkbuf_4)
     1    0.03                           Result[4] (net)
                  0.08    0.00    3.87 v Result[4] (out)
                                  3.87   data arrival time

                  0.00   10.00   10.00   clock clk (rise edge)
                          0.00   10.00   clock network delay (ideal)
                         -0.25    9.75   clock uncertainty
                          0.00    9.75   clock reconvergence pessimism
                         -2.00    7.75   output external delay
                                  7.75   data required time
-----------------------------------------------------------------------------
                                  7.75   data required time
                                 -3.87   data arrival time
-----------------------------------------------------------------------------
                                  3.88   slack (MET)


Startpoint: A[1] (input port clocked by clk)
Endpoint: Result[5] (output port clocked by clk)
Path Group: clk
Path Type: max

Fanout     Cap    Slew   Delay    Time   Description
-----------------------------------------------------------------------------
                  0.00    0.00    0.00   clock clk (rise edge)
                          0.00    0.00   clock network delay (ideal)
                          2.00    2.00 v input external delay
                  0.01    0.00    2.00 v A[1] (in)
     1    0.00                           A[1] (net)
                  0.01    0.00    2.00 v input2/A (sky130_fd_sc_hd__buf_2)
                  0.03    0.11    2.11 v input2/X (sky130_fd_sc_hd__buf_2)
     1    0.00                           net2 (net)
                  0.03    0.00    2.11 v _176_/A (sky130_fd_sc_hd__buf_6)
                  0.05    0.14    2.25 v _176_/X (sky130_fd_sc_hd__buf_6)
    10    0.04                           _109_ (net)
                  0.05    0.00    2.25 v _177_/A (sky130_fd_sc_hd__xnor2_4)
                  0.19    0.22    2.47 ^ _177_/Y (sky130_fd_sc_hd__xnor2_4)
     7    0.02                           _110_ (net)
                  0.19    0.00    2.47 ^ _228_/A1 (sky130_fd_sc_hd__o21ai_2)
                  0.06    0.10    2.57 v _228_/Y (sky130_fd_sc_hd__o21ai_2)
     3    0.01                           _160_ (net)
                  0.06    0.00    2.57 v _266_/B2 (sky130_fd_sc_hd__a221o_1)
                  0.06    0.35    2.92 v _266_/X (sky130_fd_sc_hd__a221o_1)
     2    0.00                           _020_ (net)
                  0.06    0.00    2.92 v _287_/A3 (sky130_fd_sc_hd__a31o_1)
                  0.06    0.26    3.18 v _287_/X (sky130_fd_sc_hd__a31o_1)
     2    0.01                           _040_ (net)
                  0.06    0.00    3.18 v _288_/B (sky130_fd_sc_hd__xor2_1)
                  0.15    0.16    3.34 ^ _288_/X (sky130_fd_sc_hd__xor2_1)
     1    0.00                           _041_ (net)
                  0.15    0.00    3.34 ^ _298_/A2 (sky130_fd_sc_hd__o211ai_2)
                  0.06    0.10    3.43 v _298_/Y (sky130_fd_sc_hd__o211ai_2)
     1    0.00                           _051_ (net)
                  0.06    0.00    3.43 v _299_/B1 (sky130_fd_sc_hd__a31o_4)
                  0.03    0.21    3.65 v _299_/X (sky130_fd_sc_hd__a31o_4)
     2    0.00                           net27 (net)
                  0.03    0.00    3.65 v output27/A (sky130_fd_sc_hd__buf_2)
                  0.09    0.18    3.83 v output27/X (sky130_fd_sc_hd__buf_2)
     1    0.03                           Result[5] (net)
                  0.09    0.00    3.83 v Result[5] (out)
                                  3.83   data arrival time

                  0.00   10.00   10.00   clock clk (rise edge)
                          0.00   10.00   clock network delay (ideal)
                         -0.25    9.75   clock uncertainty
                          0.00    9.75   clock reconvergence pessimism
                         -2.00    7.75   output external delay
                                  7.75   data required time
-----------------------------------------------------------------------------
                                  7.75   data required time
                                 -3.83   data arrival time
-----------------------------------------------------------------------------
                                  3.92   slack (MET)


Startpoint: Sel[0] (input port clocked by clk)
Endpoint: Result[2] (output port clocked by clk)
Path Group: clk
Path Type: max

Fanout     Cap    Slew   Delay    Time   Description
-----------------------------------------------------------------------------
                  0.00    0.00    0.00   clock clk (rise edge)
                          0.00    0.00   clock network delay (ideal)
                          2.00    2.00 v input external delay
                  0.01    0.00    2.00 v Sel[0] (in)
     1    0.00                           Sel[0] (net)
                  0.01    0.00    2.00 v input17/A (sky130_fd_sc_hd__clkbuf_2)
                  0.03    0.09    2.09 v input17/X (sky130_fd_sc_hd__clkbuf_2)
     2    0.00                           net17 (net)
                  0.03    0.00    2.09 v _180_/A (sky130_fd_sc_hd__clkbuf_4)
                  0.07    0.17    2.26 v _180_/X (sky130_fd_sc_hd__clkbuf_4)
    10    0.03                           _113_ (net)
                  0.07    0.00    2.26 v _225_/C (sky130_fd_sc_hd__or4_1)
                  0.07    0.47    2.73 v _225_/X (sky130_fd_sc_hd__or4_1)
     1    0.00                           _157_ (net)
                  0.07    0.00    2.73 v _226_/A (sky130_fd_sc_hd__buf_2)
                  0.06    0.18    2.91 v _226_/X (sky130_fd_sc_hd__buf_2)
     6    0.02                           _158_ (net)
                  0.06    0.00    2.91 v _231_/A (sky130_fd_sc_hd__or3b_1)
                  0.06    0.37    3.29 v _231_/X (sky130_fd_sc_hd__or3b_1)
     1    0.00                           _163_ (net)
                  0.06    0.00    3.29 v _232_/C (sky130_fd_sc_hd__and3_1)
                  0.06    0.22    3.50 v _232_/X (sky130_fd_sc_hd__and3_1)
     1    0.01                           _164_ (net)
                  0.06    0.00    3.50 v _233_/B1 (sky130_fd_sc_hd__o21ai_4)
                  0.10    0.06    3.56 ^ _233_/Y (sky130_fd_sc_hd__o21ai_4)
     2    0.00                           net24 (net)
                  0.10    0.00    3.56 ^ output24/A (sky130_fd_sc_hd__clkbuf_4)
                  0.11    0.21    3.78 ^ output24/X (sky130_fd_sc_hd__clkbuf_4)
     1    0.03                           Result[2] (net)
                  0.11    0.00    3.78 ^ Result[2] (out)
                                  3.78   data arrival time

                  0.00   10.00   10.00   clock clk (rise edge)
                          0.00   10.00   clock network delay (ideal)
                         -0.25    9.75   clock uncertainty
                          0.00    9.75   clock reconvergence pessimism
                         -2.00    7.75   output external delay
                                  7.75   data required time
-----------------------------------------------------------------------------
                                  7.75   data required time
                                 -3.78   data arrival time
-----------------------------------------------------------------------------
                                  3.97   slack (MET)


Startpoint: Sel[2] (input port clocked by clk)
Endpoint: Result[3] (output port clocked by clk)
Path Group: clk
Path Type: max

Fanout     Cap    Slew   Delay    Time   Description
-----------------------------------------------------------------------------
                  0.00    0.00    0.00   clock clk (rise edge)
                          0.00    0.00   clock network delay (ideal)
                          2.00    2.00 ^ input external delay
                  0.02    0.01    2.01 ^ Sel[2] (in)
     1    0.00                           Sel[2] (net)
                  0.02    0.00    2.01 ^ input19/A (sky130_fd_sc_hd__clkbuf_4)
                  0.06    0.14    2.15 ^ input19/X (sky130_fd_sc_hd__clkbuf_4)
     7    0.01                           net19 (net)
                  0.06    0.00    2.15 ^ _192_/B_N (sky130_fd_sc_hd__or2b_1)
                  0.06    0.25    2.40 v _192_/X (sky130_fd_sc_hd__or2b_1)
     3    0.01                           _125_ (net)
                  0.06    0.00    2.40 v _198_/A (sky130_fd_sc_hd__or3b_4)
                  0.09    0.45    2.85 v _198_/X (sky130_fd_sc_hd__or3b_4)
     8    0.02                           _131_ (net)
                  0.09    0.00    2.85 v _241_/B (sky130_fd_sc_hd__or3b_1)
                  0.06    0.36    3.21 v _241_/X (sky130_fd_sc_hd__or3b_1)
     1    0.00                           _172_ (net)
                  0.06    0.00    3.21 v _246_/C (sky130_fd_sc_hd__and4_1)
                  0.06    0.23    3.43 v _246_/X (sky130_fd_sc_hd__and4_1)
     1    0.01                           _001_ (net)
                  0.06    0.00    3.43 v _255_/A (sky130_fd_sc_hd__nand2_4)
                  0.04    0.06    3.49 ^ _255_/Y (sky130_fd_sc_hd__nand2_4)
     2    0.00                           net25 (net)
                  0.04    0.00    3.49 ^ output25/A (sky130_fd_sc_hd__buf_2)
                  0.17    0.20    3.69 ^ output25/X (sky130_fd_sc_hd__buf_2)
     1    0.03                           Result[3] (net)
                  0.17    0.00    3.69 ^ Result[3] (out)
                                  3.69   data arrival time

                  0.00   10.00   10.00   clock clk (rise edge)
                          0.00   10.00   clock network delay (ideal)
                         -0.25    9.75   clock uncertainty
                          0.00    9.75   clock reconvergence pessimism
                         -2.00    7.75   output external delay
                                  7.75   data required time
-----------------------------------------------------------------------------
                                  7.75   data required time
                                 -3.69   data arrival time
-----------------------------------------------------------------------------
                                  4.06   slack (MET)


Startpoint: Sel[2] (input port clocked by clk)
Endpoint: Result[1] (output port clocked by clk)
Path Group: clk
Path Type: max

Fanout     Cap    Slew   Delay    Time   Description
-----------------------------------------------------------------------------
                  0.00    0.00    0.00   clock clk (rise edge)
                          0.00    0.00   clock network delay (ideal)
                          2.00    2.00 ^ input external delay
                  0.02    0.01    2.01 ^ Sel[2] (in)
     1    0.00                           Sel[2] (net)
                  0.02    0.00    2.01 ^ input19/A (sky130_fd_sc_hd__clkbuf_4)
                  0.06    0.14    2.15 ^ input19/X (sky130_fd_sc_hd__clkbuf_4)
     7    0.01                           net19 (net)
                  0.06    0.00    2.15 ^ _192_/B_N (sky130_fd_sc_hd__or2b_1)
                  0.06    0.25    2.40 v _192_/X (sky130_fd_sc_hd__or2b_1)
     3    0.01                           _125_ (net)
                  0.06    0.00    2.40 v _198_/A (sky130_fd_sc_hd__or3b_4)
                  0.09    0.45    2.85 v _198_/X (sky130_fd_sc_hd__or3b_4)
     8    0.02                           _131_ (net)
                  0.09    0.00    2.85 v _200_/A1 (sky130_fd_sc_hd__mux2_1)
                  0.05    0.31    3.16 v _200_/X (sky130_fd_sc_hd__mux2_1)
     1    0.00                           _133_ (net)
                  0.05    0.00    3.16 v _204_/C1 (sky130_fd_sc_hd__o2111a_1)
                  0.04    0.13    3.29 v _204_/X (sky130_fd_sc_hd__o2111a_1)
     1    0.00                           _137_ (net)
                  0.04    0.00    3.29 v _205_/B1 (sky130_fd_sc_hd__o21ai_1)
                  0.14    0.09    3.38 ^ _205_/Y (sky130_fd_sc_hd__o21ai_1)
     1    0.00                           _138_ (net)
                  0.14    0.00    3.38 ^ _206_/B1 (sky130_fd_sc_hd__a31o_4)
                  0.04    0.12    3.49 ^ _206_/X (sky130_fd_sc_hd__a31o_4)
     2    0.00                           net23 (net)
                  0.04    0.00    3.49 ^ output23/A (sky130_fd_sc_hd__clkbuf_4)
                  0.11    0.19    3.68 ^ output23/X (sky130_fd_sc_hd__clkbuf_4)
     1    0.03                           Result[1] (net)
                  0.11    0.00    3.68 ^ Result[1] (out)
                                  3.68   data arrival time

                  0.00   10.00   10.00   clock clk (rise edge)
                          0.00   10.00   clock network delay (ideal)
                         -0.25    9.75   clock uncertainty
                          0.00    9.75   clock reconvergence pessimism
                         -2.00    7.75   output external delay
                                  7.75   data required time
-----------------------------------------------------------------------------
                                  7.75   data required time
                                 -3.68   data arrival time
-----------------------------------------------------------------------------
                                  4.07   slack (MET)


Startpoint: Sel[2] (input port clocked by clk)
Endpoint: Result[0] (output port clocked by clk)
Path Group: clk
Path Type: max

Fanout     Cap    Slew   Delay    Time   Description
-----------------------------------------------------------------------------
                  0.00    0.00    0.00   clock clk (rise edge)
                          0.00    0.00   clock network delay (ideal)
                          2.00    2.00 ^ input external delay
                  0.02    0.01    2.01 ^ Sel[2] (in)
     1    0.00                           Sel[2] (net)
                  0.02    0.00    2.01 ^ input19/A (sky130_fd_sc_hd__clkbuf_4)
                  0.06    0.14    2.15 ^ input19/X (sky130_fd_sc_hd__clkbuf_4)
     7    0.01                           net19 (net)
                  0.06    0.00    2.15 ^ _192_/B_N (sky130_fd_sc_hd__or2b_1)
                  0.06    0.25    2.40 v _192_/X (sky130_fd_sc_hd__or2b_1)
     3    0.01                           _125_ (net)
                  0.06    0.00    2.40 v _194_/C (sky130_fd_sc_hd__or3_2)
                  0.11    0.49    2.89 v _194_/X (sky130_fd_sc_hd__or3_2)
     5    0.01                           _127_ (net)
                  0.11    0.00    2.89 v _242_/A (sky130_fd_sc_hd__inv_2)
                  0.06    0.09    2.98 ^ _242_/Y (sky130_fd_sc_hd__inv_2)
     4    0.01                           _173_ (net)
                  0.06    0.00    2.98 ^ _351_/A1 (sky130_fd_sc_hd__o311a_1)
                  0.05    0.17    3.14 ^ _351_/X (sky130_fd_sc_hd__o311a_1)
     1    0.00                           _100_ (net)
                  0.05    0.00    3.14 ^ _354_/B1 (sky130_fd_sc_hd__a211o_2)
                  0.04    0.10    3.25 ^ _354_/X (sky130_fd_sc_hd__a211o_2)
     2    0.00                           net22 (net)
                  0.04    0.00    3.25 ^ output22/A (sky130_fd_sc_hd__clkbuf_4)
                  0.11    0.19    3.44 ^ output22/X (sky130_fd_sc_hd__clkbuf_4)
     1    0.03                           Result[0] (net)
                  0.11    0.00    3.44 ^ Result[0] (out)
                                  3.44   data arrival time

                  0.00   10.00   10.00   clock clk (rise edge)
                          0.00   10.00   clock network delay (ideal)
                         -0.25    9.75   clock uncertainty
                          0.00    9.75   clock reconvergence pessimism
                         -2.00    7.75   output external delay
                                  7.75   data required time
-----------------------------------------------------------------------------
                                  7.75   data required time
                                 -3.44   data arrival time
-----------------------------------------------------------------------------
                                  4.31   slack (MET)



