
===========================================================================
report_checks -unconstrained
===========================================================================
======================= Fastest Corner ===================================

Startpoint: A[1] (input port clocked by clk)
Endpoint: Zero (output port clocked by clk)
Path Group: clk
Path Type: max
Corner: Fastest

Fanout     Cap    Slew   Delay    Time   Description
-----------------------------------------------------------------------------
                  0.00    0.00    0.00   clock clk (rise edge)
                          0.00    0.00   clock network delay (ideal)
                          2.00    2.00 v input external delay
                  0.00    0.00    2.00 v A[1] (in)
     1    0.00                           A[1] (net)
                  0.00    0.00    2.00 v input2/A (sky130_fd_sc_hd__buf_2)
                  0.06    0.11    2.11 v input2/X (sky130_fd_sc_hd__buf_2)
     1    0.03                           net2 (net)
                  0.06    0.00    2.12 v _176_/A (sky130_fd_sc_hd__buf_6)
                  0.04    0.11    2.23 v _176_/X (sky130_fd_sc_hd__buf_6)
    10    0.04                           _109_ (net)
                  0.04    0.00    2.23 v _177_/A (sky130_fd_sc_hd__xnor2_4)
                  0.19    0.19    2.43 ^ _177_/Y (sky130_fd_sc_hd__xnor2_4)
     7    0.03                           _110_ (net)
                  0.19    0.00    2.43 ^ rebuffer1/A (sky130_fd_sc_hd__clkbuf_1)
                  0.06    0.08    2.51 ^ rebuffer1/X (sky130_fd_sc_hd__clkbuf_1)
     2    0.01                           net32 (net)
                  0.06    0.00    2.51 ^ _211_/A1 (sky130_fd_sc_hd__a21o_1)
                  0.11    0.14    2.64 ^ _211_/X (sky130_fd_sc_hd__a21o_1)
     3    0.02                           _143_ (net)
                  0.11    0.00    2.64 ^ _275_/A2 (sky130_fd_sc_hd__a31o_1)
                  0.07    0.13    2.78 ^ _275_/X (sky130_fd_sc_hd__a31o_1)
     3    0.01                           _029_ (net)
                  0.07    0.00    2.78 ^ _276_/A2 (sky130_fd_sc_hd__a21oi_1)
                  0.03    0.04    2.82 v _276_/Y (sky130_fd_sc_hd__a21oi_1)
     1    0.00                           _030_ (net)
                  0.03    0.00    2.82 v _277_/B1 (sky130_fd_sc_hd__o21ai_1)
                  0.07    0.05    2.87 ^ _277_/Y (sky130_fd_sc_hd__o21ai_1)
     1    0.00                           _031_ (net)
                  0.07    0.00    2.87 ^ _278_/C_N (sky130_fd_sc_hd__or3b_4)
                  0.05    0.24    3.11 v _278_/X (sky130_fd_sc_hd__or3b_4)
     1    0.00                           _032_ (net)
                  0.05    0.00    3.11 v _279_/A (sky130_fd_sc_hd__buf_6)
                  0.04    0.10    3.21 v _279_/X (sky130_fd_sc_hd__buf_6)
     2    0.04                           net26 (net)
                  0.04    0.00    3.21 v _357_/B (sky130_fd_sc_hd__or4_4)
                  0.06    0.33    3.54 v _357_/X (sky130_fd_sc_hd__or4_4)
     1    0.01                           _105_ (net)
                  0.06    0.00    3.54 v _361_/A3 (sky130_fd_sc_hd__o31ai_4)
                  0.31    0.28    3.82 ^ _361_/Y (sky130_fd_sc_hd__o31ai_4)
     1    0.03                           net30 (net)
                  0.31    0.00    3.82 ^ output30/A (sky130_fd_sc_hd__buf_6)
                  0.06    0.11    3.94 ^ output30/X (sky130_fd_sc_hd__buf_6)
     1    0.03                           Zero (net)
                  0.06    0.00    3.94 ^ Zero (out)
                                  3.94   data arrival time

                  0.00   10.00   10.00   clock clk (rise edge)
                          0.00   10.00   clock network delay (ideal)
                         -0.25    9.75   clock uncertainty
                          0.00    9.75   clock reconvergence pessimism
                         -2.00    7.75   output external delay
                                  7.75   data required time
-----------------------------------------------------------------------------
                                  7.75   data required time
                                 -3.94   data arrival time
-----------------------------------------------------------------------------
                                  3.81   slack (MET)



======================= Slowest Corner ===================================

Startpoint: Sel[2] (input port clocked by clk)
Endpoint: Zero (output port clocked by clk)
Path Group: clk
Path Type: max
Corner: Slowest

Fanout     Cap    Slew   Delay    Time   Description
-----------------------------------------------------------------------------
                  0.00    0.00    0.00   clock clk (rise edge)
                          0.00    0.00   clock network delay (ideal)
                          2.00    2.00 v input external delay
                  0.02    0.01    2.01 v Sel[2] (in)
     1    0.00                           Sel[2] (net)
                  0.02    0.00    2.01 v input19/A (sky130_fd_sc_hd__clkbuf_4)
                  0.18    0.35    2.36 v input19/X (sky130_fd_sc_hd__clkbuf_4)
     7    0.05                           net19 (net)
                  0.18    0.01    2.36 v _192_/B_N (sky130_fd_sc_hd__or2b_1)
                  0.15    0.41    2.78 ^ _192_/X (sky130_fd_sc_hd__or2b_1)
     3    0.01                           _125_ (net)
                  0.15    0.00    2.78 ^ _194_/C (sky130_fd_sc_hd__or3_2)
                  0.21    0.36    3.14 ^ _194_/X (sky130_fd_sc_hd__or3_2)
     5    0.03                           _127_ (net)
                  0.21    0.00    3.14 ^ _242_/A (sky130_fd_sc_hd__inv_2)
                  0.10    0.18    3.32 v _242_/Y (sky130_fd_sc_hd__inv_2)
     4    0.02                           _173_ (net)
                  0.10    0.00    3.32 v _351_/A1 (sky130_fd_sc_hd__o311a_1)
                  0.10    0.70    4.02 v _351_/X (sky130_fd_sc_hd__o311a_1)
     1    0.00                           _100_ (net)
                  0.10    0.00    4.02 v _354_/B1 (sky130_fd_sc_hd__a211o_2)
                  0.23    0.80    4.82 v _354_/X (sky130_fd_sc_hd__a211o_2)
     2    0.04                           net22 (net)
                  0.23    0.00    4.82 v _356_/C (sky130_fd_sc_hd__or4b_4)
                  0.17    1.09    5.91 v _356_/X (sky130_fd_sc_hd__or4b_4)
     1    0.01                           _104_ (net)
                  0.17    0.00    5.91 v _357_/D (sky130_fd_sc_hd__or4_4)
                  0.17    0.94    6.85 v _357_/X (sky130_fd_sc_hd__or4_4)
     1    0.01                           _105_ (net)
                  0.17    0.00    6.85 v _361_/A3 (sky130_fd_sc_hd__o31ai_4)
                  0.67    0.67    7.52 ^ _361_/Y (sky130_fd_sc_hd__o31ai_4)
     1    0.03                           net30 (net)
                  0.67    0.00    7.52 ^ output30/A (sky130_fd_sc_hd__buf_6)
                  0.13    0.46    7.98 ^ output30/X (sky130_fd_sc_hd__buf_6)
     1    0.03                           Zero (net)
                  0.13    0.00    7.98 ^ Zero (out)
                                  7.98   data arrival time

                  0.00   10.00   10.00   clock clk (rise edge)
                          0.00   10.00   clock network delay (ideal)
                         -0.25    9.75   clock uncertainty
                          0.00    9.75   clock reconvergence pessimism
                         -2.00    7.75   output external delay
                                  7.75   data required time
-----------------------------------------------------------------------------
                                  7.75   data required time
                                 -7.98   data arrival time
-----------------------------------------------------------------------------
                                 -0.23   slack (VIOLATED)



======================= Typical Corner ===================================

Startpoint: Sel[0] (input port clocked by clk)
Endpoint: Zero (output port clocked by clk)
Path Group: clk
Path Type: max
Corner: Typical

Fanout     Cap    Slew   Delay    Time   Description
-----------------------------------------------------------------------------
                  0.00    0.00    0.00   clock clk (rise edge)
                          0.00    0.00   clock network delay (ideal)
                          2.00    2.00 ^ input external delay
                  0.02    0.01    2.01 ^ Sel[0] (in)
     1    0.00                           Sel[0] (net)
                  0.02    0.00    2.01 ^ input17/A (sky130_fd_sc_hd__clkbuf_2)
                  0.14    0.17    2.18 ^ input17/X (sky130_fd_sc_hd__clkbuf_2)
     2    0.02                           net17 (net)
                  0.14    0.00    2.19 ^ _180_/A (sky130_fd_sc_hd__clkbuf_4)
                  0.12    0.24    2.42 ^ _180_/X (sky130_fd_sc_hd__clkbuf_4)
    10    0.04                           _113_ (net)
                  0.12    0.00    2.42 ^ _194_/A (sky130_fd_sc_hd__or3_2)
                  0.13    0.22    2.64 ^ _194_/X (sky130_fd_sc_hd__or3_2)
     5    0.03                           _127_ (net)
                  0.13    0.00    2.64 ^ _242_/A (sky130_fd_sc_hd__inv_2)
                  0.06    0.08    2.73 v _242_/Y (sky130_fd_sc_hd__inv_2)
     4    0.02                           _173_ (net)
                  0.06    0.00    2.73 v _351_/A1 (sky130_fd_sc_hd__o311a_1)
                  0.05    0.37    3.10 v _351_/X (sky130_fd_sc_hd__o311a_1)
     1    0.00                           _100_ (net)
                  0.05    0.00    3.10 v _354_/B1 (sky130_fd_sc_hd__a211o_2)
                  0.13    0.43    3.52 v _354_/X (sky130_fd_sc_hd__a211o_2)
     2    0.04                           net22 (net)
                  0.13    0.00    3.52 v _356_/C (sky130_fd_sc_hd__or4b_4)
                  0.09    0.54    4.07 v _356_/X (sky130_fd_sc_hd__or4b_4)
     1    0.01                           _104_ (net)
                  0.09    0.00    4.07 v _357_/D (sky130_fd_sc_hd__or4_4)
                  0.09    0.46    4.53 v _357_/X (sky130_fd_sc_hd__or4_4)
     1    0.01                           _105_ (net)
                  0.09    0.00    4.53 v _361_/A3 (sky130_fd_sc_hd__o31ai_4)
                  0.42    0.40    4.93 ^ _361_/Y (sky130_fd_sc_hd__o31ai_4)
     1    0.03                           net30 (net)
                  0.42    0.00    4.93 ^ output30/A (sky130_fd_sc_hd__buf_6)
                  0.08    0.21    5.14 ^ output30/X (sky130_fd_sc_hd__buf_6)
     1    0.03                           Zero (net)
                  0.08    0.00    5.14 ^ Zero (out)
                                  5.14   data arrival time

                  0.00   10.00   10.00   clock clk (rise edge)
                          0.00   10.00   clock network delay (ideal)
                         -0.25    9.75   clock uncertainty
                          0.00    9.75   clock reconvergence pessimism
                         -2.00    7.75   output external delay
                                  7.75   data required time
-----------------------------------------------------------------------------
                                  7.75   data required time
                                 -5.14   data arrival time
-----------------------------------------------------------------------------
                                  2.61   slack (MET)




===========================================================================
report_checks --slack_max -0.01
============================================================================
======================= Fastest Corner ===================================

No paths found.

======================= Slowest Corner ===================================

Startpoint: Sel[2] (input port clocked by clk)
Endpoint: Zero (output port clocked by clk)
Path Group: clk
Path Type: max
Corner: Slowest

Fanout     Cap    Slew   Delay    Time   Description
-----------------------------------------------------------------------------
                  0.00    0.00    0.00   clock clk (rise edge)
                          0.00    0.00   clock network delay (ideal)
                          2.00    2.00 v input external delay
                  0.02    0.01    2.01 v Sel[2] (in)
     1    0.00                           Sel[2] (net)
                  0.02    0.00    2.01 v input19/A (sky130_fd_sc_hd__clkbuf_4)
                  0.18    0.35    2.36 v input19/X (sky130_fd_sc_hd__clkbuf_4)
     7    0.05                           net19 (net)
                  0.18    0.01    2.36 v _192_/B_N (sky130_fd_sc_hd__or2b_1)
                  0.15    0.41    2.78 ^ _192_/X (sky130_fd_sc_hd__or2b_1)
     3    0.01                           _125_ (net)
                  0.15    0.00    2.78 ^ _194_/C (sky130_fd_sc_hd__or3_2)
                  0.21    0.36    3.14 ^ _194_/X (sky130_fd_sc_hd__or3_2)
     5    0.03                           _127_ (net)
                  0.21    0.00    3.14 ^ _242_/A (sky130_fd_sc_hd__inv_2)
                  0.10    0.18    3.32 v _242_/Y (sky130_fd_sc_hd__inv_2)
     4    0.02                           _173_ (net)
                  0.10    0.00    3.32 v _351_/A1 (sky130_fd_sc_hd__o311a_1)
                  0.10    0.70    4.02 v _351_/X (sky130_fd_sc_hd__o311a_1)
     1    0.00                           _100_ (net)
                  0.10    0.00    4.02 v _354_/B1 (sky130_fd_sc_hd__a211o_2)
                  0.23    0.80    4.82 v _354_/X (sky130_fd_sc_hd__a211o_2)
     2    0.04                           net22 (net)
                  0.23    0.00    4.82 v _356_/C (sky130_fd_sc_hd__or4b_4)
                  0.17    1.09    5.91 v _356_/X (sky130_fd_sc_hd__or4b_4)
     1    0.01                           _104_ (net)
                  0.17    0.00    5.91 v _357_/D (sky130_fd_sc_hd__or4_4)
                  0.17    0.94    6.85 v _357_/X (sky130_fd_sc_hd__or4_4)
     1    0.01                           _105_ (net)
                  0.17    0.00    6.85 v _361_/A3 (sky130_fd_sc_hd__o31ai_4)
                  0.67    0.67    7.52 ^ _361_/Y (sky130_fd_sc_hd__o31ai_4)
     1    0.03                           net30 (net)
                  0.67    0.00    7.52 ^ output30/A (sky130_fd_sc_hd__buf_6)
                  0.13    0.46    7.98 ^ output30/X (sky130_fd_sc_hd__buf_6)
     1    0.03                           Zero (net)
                  0.13    0.00    7.98 ^ Zero (out)
                                  7.98   data arrival time

                  0.00   10.00   10.00   clock clk (rise edge)
                          0.00   10.00   clock network delay (ideal)
                         -0.25    9.75   clock uncertainty
                          0.00    9.75   clock reconvergence pessimism
                         -2.00    7.75   output external delay
                                  7.75   data required time
-----------------------------------------------------------------------------
                                  7.75   data required time
                                 -7.98   data arrival time
-----------------------------------------------------------------------------
                                 -0.23   slack (VIOLATED)



======================= Typical Corner ===================================

No paths found.


===========================================================================
 report_check_types -max_slew -max_cap -max_fanout -violators
============================================================================
======================= Fastest Corner ===================================


======================= Slowest Corner ===================================


======================= Typical Corner ===================================



===========================================================================
report_parasitic_annotation -report_unannotated
============================================================================
Found 0 unannotated drivers.
Found 0 partially unannotated drivers.

===========================================================================
max slew violation count 0
max fanout violation count 0
max cap violation count 0
============================================================================

===========================================================================
check_setup -verbose -unconstrained_endpoints -multiple_clock -no_clock -no_input_delay -loops -generated_clocks
===========================================================================
