
===========================================================================
report_checks -path_delay max (Setup)
============================================================================
======================= Typical Corner ===================================

Startpoint: A[1] (input port clocked by clk)
Endpoint: Zero (output port clocked by clk)
Path Group: clk
Path Type: max

Fanout     Cap    Slew   Delay    Time   Description
-----------------------------------------------------------------------------
                  0.00    0.00    0.00   clock clk (rise edge)
                          0.00    0.00   clock network delay (ideal)
                          2.00    2.00 ^ input external delay
                  0.06    0.04    2.04 ^ A[1] (in)
     1    0.01                           A[1] (net)
                  0.06    0.00    2.04 ^ _176_/A (sky130_fd_sc_hd__buf_1)
                  0.56    0.47    2.51 ^ _176_/X (sky130_fd_sc_hd__buf_1)
    10    0.05                           _109_ (net)
                  0.56    0.00    2.51 ^ _177_/A (sky130_fd_sc_hd__xnor2_2)
                  0.38    0.28    2.78 ^ _177_/Y (sky130_fd_sc_hd__xnor2_2)
     8    0.03                           _110_ (net)
                  0.38    0.00    2.78 ^ _228_/A1 (sky130_fd_sc_hd__o21ai_2)
                  0.09    0.15    2.94 v _228_/Y (sky130_fd_sc_hd__o21ai_2)
     3    0.01                           _160_ (net)
                  0.09    0.00    2.94 v _266_/B2 (sky130_fd_sc_hd__a221o_2)
                  0.07    0.41    3.35 v _266_/X (sky130_fd_sc_hd__a221o_2)
     2    0.01                           _020_ (net)
                  0.07    0.00    3.35 v _267_/B (sky130_fd_sc_hd__nand2_2)
                  0.06    0.09    3.44 ^ _267_/Y (sky130_fd_sc_hd__nand2_2)
     1    0.01                           _021_ (net)
                  0.06    0.00    3.44 ^ _268_/B (sky130_fd_sc_hd__xnor2_2)
                  0.13    0.11    3.55 ^ _268_/Y (sky130_fd_sc_hd__xnor2_2)
     1    0.01                           _022_ (net)
                  0.13    0.00    3.55 ^ _271_/A2 (sky130_fd_sc_hd__o21ai_2)
                  0.06    0.06    3.61 v _271_/Y (sky130_fd_sc_hd__o21ai_2)
     1    0.00                           _025_ (net)
                  0.06    0.00    3.61 v _278_/B (sky130_fd_sc_hd__or3b_2)
                  0.07    0.46    4.07 v _278_/X (sky130_fd_sc_hd__or3b_2)
     1    0.00                           _032_ (net)
                  0.07    0.00    4.07 v _279_/A (sky130_fd_sc_hd__buf_1)
                  0.27    0.30    4.37 v _279_/X (sky130_fd_sc_hd__buf_1)
     2    0.05                           Result[4] (net)
                  0.27    0.00    4.37 v _357_/B (sky130_fd_sc_hd__or4_2)
                  0.11    0.75    5.12 v _357_/X (sky130_fd_sc_hd__or4_2)
     1    0.00                           _105_ (net)
                  0.11    0.00    5.12 v _361_/A3 (sky130_fd_sc_hd__o31ai_2)
                  0.74    0.66    5.78 ^ _361_/Y (sky130_fd_sc_hd__o31ai_2)
     1    0.04                           Zero (net)
                  0.74    0.00    5.78 ^ Zero (out)
                                  5.78   data arrival time

                  0.00   10.00   10.00   clock clk (rise edge)
                          0.00   10.00   clock network delay (ideal)
                         -0.25    9.75   clock uncertainty
                          0.00    9.75   clock reconvergence pessimism
                         -2.00    7.75   output external delay
                                  7.75   data required time
-----------------------------------------------------------------------------
                                  7.75   data required time
                                 -5.78   data arrival time
-----------------------------------------------------------------------------
                                  1.97   slack (MET)


Startpoint: A[1] (input port clocked by clk)
Endpoint: CarryOut (output port clocked by clk)
Path Group: clk
Path Type: max

Fanout     Cap    Slew   Delay    Time   Description
-----------------------------------------------------------------------------
                  0.00    0.00    0.00   clock clk (rise edge)
                          0.00    0.00   clock network delay (ideal)
                          2.00    2.00 ^ input external delay
                  0.06    0.04    2.04 ^ A[1] (in)
     1    0.01                           A[1] (net)
                  0.06    0.00    2.04 ^ _176_/A (sky130_fd_sc_hd__buf_1)
                  0.56    0.47    2.51 ^ _176_/X (sky130_fd_sc_hd__buf_1)
    10    0.05                           _109_ (net)
                  0.56    0.00    2.51 ^ _177_/A (sky130_fd_sc_hd__xnor2_2)
                  0.38    0.28    2.78 ^ _177_/Y (sky130_fd_sc_hd__xnor2_2)
     8    0.03                           _110_ (net)
                  0.38    0.00    2.78 ^ _228_/A1 (sky130_fd_sc_hd__o21ai_2)
                  0.09    0.15    2.94 v _228_/Y (sky130_fd_sc_hd__o21ai_2)
     3    0.01                           _160_ (net)
                  0.09    0.00    2.94 v _266_/B2 (sky130_fd_sc_hd__a221o_2)
                  0.07    0.41    3.35 v _266_/X (sky130_fd_sc_hd__a221o_2)
     2    0.01                           _020_ (net)
                  0.07    0.00    3.35 v _287_/A3 (sky130_fd_sc_hd__a31o_2)
                  0.06    0.30    3.65 v _287_/X (sky130_fd_sc_hd__a31o_2)
     2    0.01                           _040_ (net)
                  0.06    0.00    3.65 v _307_/A2 (sky130_fd_sc_hd__a21boi_2)
                  0.20    0.23    3.88 ^ _307_/Y (sky130_fd_sc_hd__a21boi_2)
     2    0.02                           _059_ (net)
                  0.20    0.00    3.88 ^ _324_/A2 (sky130_fd_sc_hd__o21ai_2)
                  0.07    0.11    3.99 v _324_/Y (sky130_fd_sc_hd__o21ai_2)
     2    0.01                           _075_ (net)
                  0.07    0.00    3.99 v _346_/A2 (sky130_fd_sc_hd__o211a_2)
                  0.04    0.25    4.24 v _346_/X (sky130_fd_sc_hd__o211a_2)
     1    0.00                           _096_ (net)
                  0.04    0.00    4.24 v _348_/B (sky130_fd_sc_hd__or3b_2)
                  0.09    0.49    4.73 v _348_/X (sky130_fd_sc_hd__or3b_2)
     1    0.01                           _098_ (net)
                  0.09    0.00    4.73 v _349_/A (sky130_fd_sc_hd__buf_1)
                  0.23    0.28    5.00 v _349_/X (sky130_fd_sc_hd__buf_1)
     1    0.04                           CarryOut (net)
                  0.23    0.00    5.01 v CarryOut (out)
                                  5.01   data arrival time

                  0.00   10.00   10.00   clock clk (rise edge)
                          0.00   10.00   clock network delay (ideal)
                         -0.25    9.75   clock uncertainty
                          0.00    9.75   clock reconvergence pessimism
                         -2.00    7.75   output external delay
                                  7.75   data required time
-----------------------------------------------------------------------------
                                  7.75   data required time
                                 -5.01   data arrival time
-----------------------------------------------------------------------------
                                  2.74   slack (MET)


Startpoint: A[1] (input port clocked by clk)
Endpoint: Result[7] (output port clocked by clk)
Path Group: clk
Path Type: max

Fanout     Cap    Slew   Delay    Time   Description
-----------------------------------------------------------------------------
                  0.00    0.00    0.00   clock clk (rise edge)
                          0.00    0.00   clock network delay (ideal)
                          2.00    2.00 ^ input external delay
                  0.06    0.04    2.04 ^ A[1] (in)
     1    0.01                           A[1] (net)
                  0.06    0.00    2.04 ^ _176_/A (sky130_fd_sc_hd__buf_1)
                  0.56    0.47    2.51 ^ _176_/X (sky130_fd_sc_hd__buf_1)
    10    0.05                           _109_ (net)
                  0.56    0.00    2.51 ^ _177_/A (sky130_fd_sc_hd__xnor2_2)
                  0.18    0.25    2.76 v _177_/Y (sky130_fd_sc_hd__xnor2_2)
     8    0.03                           _110_ (net)
                  0.18    0.00    2.76 v _211_/A1 (sky130_fd_sc_hd__a21o_2)
                  0.06    0.28    3.04 v _211_/X (sky130_fd_sc_hd__a21o_2)
     3    0.01                           _143_ (net)
                  0.06    0.00    3.04 v _275_/A2 (sky130_fd_sc_hd__a31o_2)
                  0.06    0.28    3.32 v _275_/X (sky130_fd_sc_hd__a31o_2)
     3    0.01                           _029_ (net)
                  0.06    0.00    3.32 v _284_/B2 (sky130_fd_sc_hd__a22o_2)
                  0.06    0.26    3.59 v _284_/X (sky130_fd_sc_hd__a22o_2)
     3    0.01                           _037_ (net)
                  0.06    0.00    3.59 v _304_/A2 (sky130_fd_sc_hd__a21o_2)
                  0.06    0.26    3.84 v _304_/X (sky130_fd_sc_hd__a21o_2)
     4    0.01                           _056_ (net)
                  0.06    0.00    3.84 v _340_/A2 (sky130_fd_sc_hd__a21o_2)
                  0.04    0.24    4.08 v _340_/X (sky130_fd_sc_hd__a21o_2)
     2    0.01                           _091_ (net)
                  0.04    0.00    4.08 v _342_/A2 (sky130_fd_sc_hd__a2111o_2)
                  0.07    0.49    4.57 v _342_/X (sky130_fd_sc_hd__a2111o_2)
     1    0.00                           _093_ (net)
                  0.07    0.00    4.57 v _343_/C1 (sky130_fd_sc_hd__o211ai_2)
                  0.61    0.25    4.82 ^ _343_/Y (sky130_fd_sc_hd__o211ai_2)
     2    0.05                           Result[7] (net)
                  0.62    0.01    4.83 ^ Result[7] (out)
                                  4.83   data arrival time

                  0.00   10.00   10.00   clock clk (rise edge)
                          0.00   10.00   clock network delay (ideal)
                         -0.25    9.75   clock uncertainty
                          0.00    9.75   clock reconvergence pessimism
                         -2.00    7.75   output external delay
                                  7.75   data required time
-----------------------------------------------------------------------------
                                  7.75   data required time
                                 -4.83   data arrival time
-----------------------------------------------------------------------------
                                  2.92   slack (MET)


Startpoint: A[1] (input port clocked by clk)
Endpoint: Result[6] (output port clocked by clk)
Path Group: clk
Path Type: max

Fanout     Cap    Slew   Delay    Time   Description
-----------------------------------------------------------------------------
                  0.00    0.00    0.00   clock clk (rise edge)
                          0.00    0.00   clock network delay (ideal)
                          2.00    2.00 ^ input external delay
                  0.06    0.04    2.04 ^ A[1] (in)
     1    0.01                           A[1] (net)
                  0.06    0.00    2.04 ^ _176_/A (sky130_fd_sc_hd__buf_1)
                  0.56    0.47    2.51 ^ _176_/X (sky130_fd_sc_hd__buf_1)
    10    0.05                           _109_ (net)
                  0.56    0.00    2.51 ^ _177_/A (sky130_fd_sc_hd__xnor2_2)
                  0.18    0.25    2.76 v _177_/Y (sky130_fd_sc_hd__xnor2_2)
     8    0.03                           _110_ (net)
                  0.18    0.00    2.76 v _211_/A1 (sky130_fd_sc_hd__a21o_2)
                  0.06    0.28    3.04 v _211_/X (sky130_fd_sc_hd__a21o_2)
     3    0.01                           _143_ (net)
                  0.06    0.00    3.04 v _275_/A2 (sky130_fd_sc_hd__a31o_2)
                  0.06    0.28    3.32 v _275_/X (sky130_fd_sc_hd__a31o_2)
     3    0.01                           _029_ (net)
                  0.06    0.00    3.32 v _284_/B2 (sky130_fd_sc_hd__a22o_2)
                  0.06    0.26    3.59 v _284_/X (sky130_fd_sc_hd__a22o_2)
     3    0.01                           _037_ (net)
                  0.06    0.00    3.59 v _304_/A2 (sky130_fd_sc_hd__a21o_2)
                  0.06    0.26    3.84 v _304_/X (sky130_fd_sc_hd__a21o_2)
     4    0.01                           _056_ (net)
                  0.06    0.00    3.84 v _306_/B (sky130_fd_sc_hd__or2_2)
                  0.05    0.28    4.12 v _306_/X (sky130_fd_sc_hd__or2_2)
     1    0.00                           _058_ (net)
                  0.05    0.00    4.12 v _320_/A3 (sky130_fd_sc_hd__a31o_2)
                  0.14    0.37    4.49 v _320_/X (sky130_fd_sc_hd__a31o_2)
     2    0.05                           Result[6] (net)
                  0.14    0.01    4.50 v Result[6] (out)
                                  4.50   data arrival time

                  0.00   10.00   10.00   clock clk (rise edge)
                          0.00   10.00   clock network delay (ideal)
                         -0.25    9.75   clock uncertainty
                          0.00    9.75   clock reconvergence pessimism
                         -2.00    7.75   output external delay
                                  7.75   data required time
-----------------------------------------------------------------------------
                                  7.75   data required time
                                 -4.50   data arrival time
-----------------------------------------------------------------------------
                                  3.25   slack (MET)


Startpoint: A[1] (input port clocked by clk)
Endpoint: Result[4] (output port clocked by clk)
Path Group: clk
Path Type: max

Fanout     Cap    Slew   Delay    Time   Description
-----------------------------------------------------------------------------
                  0.00    0.00    0.00   clock clk (rise edge)
                          0.00    0.00   clock network delay (ideal)
                          2.00    2.00 ^ input external delay
                  0.06    0.04    2.04 ^ A[1] (in)
     1    0.01                           A[1] (net)
                  0.06    0.00    2.04 ^ _176_/A (sky130_fd_sc_hd__buf_1)
                  0.56    0.47    2.51 ^ _176_/X (sky130_fd_sc_hd__buf_1)
    10    0.05                           _109_ (net)
                  0.56    0.00    2.51 ^ _177_/A (sky130_fd_sc_hd__xnor2_2)
                  0.38    0.28    2.78 ^ _177_/Y (sky130_fd_sc_hd__xnor2_2)
     8    0.03                           _110_ (net)
                  0.38    0.00    2.78 ^ _228_/A1 (sky130_fd_sc_hd__o21ai_2)
                  0.09    0.15    2.94 v _228_/Y (sky130_fd_sc_hd__o21ai_2)
     3    0.01                           _160_ (net)
                  0.09    0.00    2.94 v _266_/B2 (sky130_fd_sc_hd__a221o_2)
                  0.07    0.41    3.35 v _266_/X (sky130_fd_sc_hd__a221o_2)
     2    0.01                           _020_ (net)
                  0.07    0.00    3.35 v _267_/B (sky130_fd_sc_hd__nand2_2)
                  0.06    0.09    3.44 ^ _267_/Y (sky130_fd_sc_hd__nand2_2)
     1    0.01                           _021_ (net)
                  0.06    0.00    3.44 ^ _268_/B (sky130_fd_sc_hd__xnor2_2)
                  0.13    0.11    3.55 ^ _268_/Y (sky130_fd_sc_hd__xnor2_2)
     1    0.01                           _022_ (net)
                  0.13    0.00    3.55 ^ _271_/A2 (sky130_fd_sc_hd__o21ai_2)
                  0.06    0.06    3.61 v _271_/Y (sky130_fd_sc_hd__o21ai_2)
     1    0.00                           _025_ (net)
                  0.06    0.00    3.61 v _278_/B (sky130_fd_sc_hd__or3b_2)
                  0.07    0.46    4.07 v _278_/X (sky130_fd_sc_hd__or3b_2)
     1    0.00                           _032_ (net)
                  0.07    0.00    4.07 v _279_/A (sky130_fd_sc_hd__buf_1)
                  0.27    0.30    4.37 v _279_/X (sky130_fd_sc_hd__buf_1)
     2    0.05                           Result[4] (net)
                  0.27    0.01    4.37 v Result[4] (out)
                                  4.37   data arrival time

                  0.00   10.00   10.00   clock clk (rise edge)
                          0.00   10.00   clock network delay (ideal)
                         -0.25    9.75   clock uncertainty
                          0.00    9.75   clock reconvergence pessimism
                         -2.00    7.75   output external delay
                                  7.75   data required time
-----------------------------------------------------------------------------
                                  7.75   data required time
                                 -4.37   data arrival time
-----------------------------------------------------------------------------
                                  3.38   slack (MET)


Startpoint: A[1] (input port clocked by clk)
Endpoint: Result[5] (output port clocked by clk)
Path Group: clk
Path Type: max

Fanout     Cap    Slew   Delay    Time   Description
-----------------------------------------------------------------------------
                  0.00    0.00    0.00   clock clk (rise edge)
                          0.00    0.00   clock network delay (ideal)
                          2.00    2.00 v input external delay
                  0.03    0.02    2.02 v A[1] (in)
     1    0.01                           A[1] (net)
                  0.03    0.00    2.02 v _176_/A (sky130_fd_sc_hd__buf_1)
                  0.26    0.27    2.29 v _176_/X (sky130_fd_sc_hd__buf_1)
    10    0.04                           _109_ (net)
                  0.26    0.00    2.29 v _217_/B (sky130_fd_sc_hd__or3_2)
                  0.10    0.58    2.87 v _217_/X (sky130_fd_sc_hd__or3_2)
     3    0.01                           _149_ (net)
                  0.10    0.00    2.87 v _234_/B (sky130_fd_sc_hd__or2_2)
                  0.09    0.36    3.22 v _234_/X (sky130_fd_sc_hd__or2_2)
     4    0.02                           _165_ (net)
                  0.09    0.00    3.22 v _295_/C (sky130_fd_sc_hd__or3_2)
                  0.11    0.50    3.72 v _295_/X (sky130_fd_sc_hd__or3_2)
     3    0.01                           _048_ (net)
                  0.11    0.00    3.72 v _297_/A1 (sky130_fd_sc_hd__a21o_2)
                  0.04    0.23    3.95 v _297_/X (sky130_fd_sc_hd__a21o_2)
     1    0.01                           _050_ (net)
                  0.04    0.00    3.95 v _298_/C1 (sky130_fd_sc_hd__o211ai_2)
                  0.12    0.05    4.00 ^ _298_/Y (sky130_fd_sc_hd__o211ai_2)
     1    0.00                           _051_ (net)
                  0.12    0.00    4.00 ^ _299_/B1 (sky130_fd_sc_hd__a31o_2)
                  0.25    0.28    4.28 ^ _299_/X (sky130_fd_sc_hd__a31o_2)
     2    0.04                           Result[5] (net)
                  0.25    0.00    4.29 ^ Result[5] (out)
                                  4.29   data arrival time

                  0.00   10.00   10.00   clock clk (rise edge)
                          0.00   10.00   clock network delay (ideal)
                         -0.25    9.75   clock uncertainty
                          0.00    9.75   clock reconvergence pessimism
                         -2.00    7.75   output external delay
                                  7.75   data required time
-----------------------------------------------------------------------------
                                  7.75   data required time
                                 -4.29   data arrival time
-----------------------------------------------------------------------------
                                  3.46   slack (MET)


Startpoint: Sel[0] (input port clocked by clk)
Endpoint: Result[2] (output port clocked by clk)
Path Group: clk
Path Type: max

Fanout     Cap    Slew   Delay    Time   Description
-----------------------------------------------------------------------------
                  0.00    0.00    0.00   clock clk (rise edge)
                          0.00    0.00   clock network delay (ideal)
                          2.00    2.00 v input external delay
                  0.03    0.02    2.02 v Sel[0] (in)
     2    0.01                           Sel[0] (net)
                  0.03    0.00    2.02 v _180_/A (sky130_fd_sc_hd__buf_1)
                  0.15    0.19    2.21 v _180_/X (sky130_fd_sc_hd__buf_1)
    10    0.03                           _113_ (net)
                  0.15    0.00    2.21 v _225_/C (sky130_fd_sc_hd__or4_2)
                  0.10    0.66    2.86 v _225_/X (sky130_fd_sc_hd__or4_2)
     1    0.00                           _157_ (net)
                  0.10    0.00    2.86 v _226_/A (sky130_fd_sc_hd__buf_1)
                  0.17    0.24    3.10 v _226_/X (sky130_fd_sc_hd__buf_1)
     6    0.03                           _158_ (net)
                  0.17    0.00    3.10 v _231_/A (sky130_fd_sc_hd__or3b_2)
                  0.07    0.51    3.61 v _231_/X (sky130_fd_sc_hd__or3b_2)
     1    0.00                           _163_ (net)
                  0.07    0.00    3.61 v _232_/C (sky130_fd_sc_hd__and3_2)
                  0.04    0.23    3.84 v _232_/X (sky130_fd_sc_hd__and3_2)
     1    0.00                           _164_ (net)
                  0.04    0.00    3.84 v _233_/B1 (sky130_fd_sc_hd__o21ai_2)
                  0.54    0.22    4.07 ^ _233_/Y (sky130_fd_sc_hd__o21ai_2)
     2    0.05                           Result[2] (net)
                  0.54    0.01    4.07 ^ Result[2] (out)
                                  4.07   data arrival time

                  0.00   10.00   10.00   clock clk (rise edge)
                          0.00   10.00   clock network delay (ideal)
                         -0.25    9.75   clock uncertainty
                          0.00    9.75   clock reconvergence pessimism
                         -2.00    7.75   output external delay
                                  7.75   data required time
-----------------------------------------------------------------------------
                                  7.75   data required time
                                 -4.07   data arrival time
-----------------------------------------------------------------------------
                                  3.68   slack (MET)


Startpoint: Sel[2] (input port clocked by clk)
Endpoint: Result[3] (output port clocked by clk)
Path Group: clk
Path Type: max

Fanout     Cap    Slew   Delay    Time   Description
-----------------------------------------------------------------------------
                  0.00    0.00    0.00   clock clk (rise edge)
                          0.00    0.00   clock network delay (ideal)
                          2.00    2.00 ^ input external delay
                  0.12    0.09    2.09 ^ Sel[2] (in)
     7    0.03                           Sel[2] (net)
                  0.12    0.00    2.09 ^ _192_/B_N (sky130_fd_sc_hd__or2b_2)
                  0.06    0.33    2.42 v _192_/X (sky130_fd_sc_hd__or2b_2)
     3    0.00                           _125_ (net)
                  0.06    0.00    2.42 v _198_/A (sky130_fd_sc_hd__or3b_2)
                  0.14    0.59    3.01 v _198_/X (sky130_fd_sc_hd__or3b_2)
     8    0.02                           _131_ (net)
                  0.14    0.00    3.01 v _241_/B (sky130_fd_sc_hd__or3b_2)
                  0.07    0.48    3.49 v _241_/X (sky130_fd_sc_hd__or3b_2)
     1    0.00                           _172_ (net)
                  0.07    0.00    3.49 v _246_/C (sky130_fd_sc_hd__and4_2)
                  0.05    0.25    3.73 v _246_/X (sky130_fd_sc_hd__and4_2)
     1    0.00                           _001_ (net)
                  0.05    0.00    3.73 v _255_/A (sky130_fd_sc_hd__nand2_2)
                  0.24    0.21    3.94 ^ _255_/Y (sky130_fd_sc_hd__nand2_2)
     2    0.05                           Result[3] (net)
                  0.24    0.01    3.94 ^ Result[3] (out)
                                  3.94   data arrival time

                  0.00   10.00   10.00   clock clk (rise edge)
                          0.00   10.00   clock network delay (ideal)
                         -0.25    9.75   clock uncertainty
                          0.00    9.75   clock reconvergence pessimism
                         -2.00    7.75   output external delay
                                  7.75   data required time
-----------------------------------------------------------------------------
                                  7.75   data required time
                                 -3.94   data arrival time
-----------------------------------------------------------------------------
                                  3.81   slack (MET)


Startpoint: Sel[1] (input port clocked by clk)
Endpoint: Result[1] (output port clocked by clk)
Path Group: clk
Path Type: max

Fanout     Cap    Slew   Delay    Time   Description
-----------------------------------------------------------------------------
                  0.00    0.00    0.00   clock clk (rise edge)
                          0.00    0.00   clock network delay (ideal)
                          2.00    2.00 ^ input external delay
                  0.08    0.06    2.06 ^ Sel[1] (in)
     4    0.02                           Sel[1] (net)
                  0.08    0.00    2.06 ^ _181_/A (sky130_fd_sc_hd__buf_1)
                  0.36    0.32    2.38 ^ _181_/X (sky130_fd_sc_hd__buf_1)
    10    0.03                           _114_ (net)
                  0.36    0.00    2.38 ^ _191_/D_N (sky130_fd_sc_hd__or4b_2)
                  0.18    0.78    3.16 v _191_/X (sky130_fd_sc_hd__or4b_2)
     8    0.03                           _124_ (net)
                  0.18    0.00    3.16 v _204_/A2 (sky130_fd_sc_hd__o2111a_2)
                  0.04    0.32    3.48 v _204_/X (sky130_fd_sc_hd__o2111a_2)
     1    0.00                           _137_ (net)
                  0.04    0.00    3.48 v _205_/B1 (sky130_fd_sc_hd__o21ai_2)
                  0.08    0.05    3.53 ^ _205_/Y (sky130_fd_sc_hd__o21ai_2)
     1    0.00                           _138_ (net)
                  0.08    0.00    3.53 ^ _206_/B1 (sky130_fd_sc_hd__a31o_2)
                  0.28    0.29    3.82 ^ _206_/X (sky130_fd_sc_hd__a31o_2)
     2    0.05                           Result[1] (net)
                  0.28    0.01    3.83 ^ Result[1] (out)
                                  3.83   data arrival time

                  0.00   10.00   10.00   clock clk (rise edge)
                          0.00   10.00   clock network delay (ideal)
                         -0.25    9.75   clock uncertainty
                          0.00    9.75   clock reconvergence pessimism
                         -2.00    7.75   output external delay
                                  7.75   data required time
-----------------------------------------------------------------------------
                                  7.75   data required time
                                 -3.83   data arrival time
-----------------------------------------------------------------------------
                                  3.92   slack (MET)


Startpoint: Sel[1] (input port clocked by clk)
Endpoint: Result[0] (output port clocked by clk)
Path Group: clk
Path Type: max

Fanout     Cap    Slew   Delay    Time   Description
-----------------------------------------------------------------------------
                  0.00    0.00    0.00   clock clk (rise edge)
                          0.00    0.00   clock network delay (ideal)
                          2.00    2.00 ^ input external delay
                  0.08    0.06    2.06 ^ Sel[1] (in)
     4    0.02                           Sel[1] (net)
                  0.08    0.00    2.06 ^ _181_/A (sky130_fd_sc_hd__buf_1)
                  0.36    0.32    2.38 ^ _181_/X (sky130_fd_sc_hd__buf_1)
    10    0.03                           _114_ (net)
                  0.36    0.00    2.38 ^ _191_/D_N (sky130_fd_sc_hd__or4b_2)
                  0.18    0.78    3.16 v _191_/X (sky130_fd_sc_hd__or4b_2)
     8    0.03                           _124_ (net)
                  0.18    0.00    3.16 v _353_/A2_N (sky130_fd_sc_hd__a2bb2o_2)
                  0.04    0.28    3.45 ^ _353_/X (sky130_fd_sc_hd__a2bb2o_2)
     1    0.00                           _102_ (net)
                  0.04    0.00    3.45 ^ _354_/C1 (sky130_fd_sc_hd__a211o_2)
                  0.21    0.23    3.67 ^ _354_/X (sky130_fd_sc_hd__a211o_2)
     2    0.04                           Result[0] (net)
                  0.21    0.00    3.68 ^ Result[0] (out)
                                  3.68   data arrival time

                  0.00   10.00   10.00   clock clk (rise edge)
                          0.00   10.00   clock network delay (ideal)
                         -0.25    9.75   clock uncertainty
                          0.00    9.75   clock reconvergence pessimism
                         -2.00    7.75   output external delay
                                  7.75   data required time
-----------------------------------------------------------------------------
                                  7.75   data required time
                                 -3.68   data arrival time
-----------------------------------------------------------------------------
                                  4.07   slack (MET)



