
===========================================================================
report_checks -unconstrained
===========================================================================
======================= Typical Corner ===================================

Startpoint: A[1] (input port clocked by clk)
Endpoint: Zero (output port clocked by clk)
Path Group: clk
Path Type: max

Fanout     Cap    Slew   Delay    Time   Description
-----------------------------------------------------------------------------
                  0.00    0.00    0.00   clock clk (rise edge)
                          0.00    0.00   clock network delay (ideal)
                          2.00    2.00 ^ input external delay
                  0.02    0.01    2.01 ^ A[1] (in)
     1    0.00                           A[1] (net)
                  0.02    0.00    2.01 ^ _176_/A (sky130_fd_sc_hd__buf_1)
                  0.52    0.42    2.43 ^ _176_/X (sky130_fd_sc_hd__buf_1)
    10    0.04                           _109_ (net)
                  0.52    0.00    2.43 ^ _177_/A (sky130_fd_sc_hd__xnor2_2)
                  0.35    0.26    2.69 ^ _177_/Y (sky130_fd_sc_hd__xnor2_2)
     8    0.02                           _110_ (net)
                  0.35    0.00    2.69 ^ _228_/A1 (sky130_fd_sc_hd__o21ai_2)
                  0.09    0.14    2.83 v _228_/Y (sky130_fd_sc_hd__o21ai_2)
     3    0.01                           _160_ (net)
                  0.09    0.00    2.83 v _266_/B2 (sky130_fd_sc_hd__a221o_2)
                  0.06    0.40    3.23 v _266_/X (sky130_fd_sc_hd__a221o_2)
     2    0.01                           _020_ (net)
                  0.06    0.00    3.23 v _267_/B (sky130_fd_sc_hd__nand2_2)
                  0.06    0.09    3.32 ^ _267_/Y (sky130_fd_sc_hd__nand2_2)
     1    0.01                           _021_ (net)
                  0.06    0.00    3.32 ^ _268_/B (sky130_fd_sc_hd__xnor2_2)
                  0.12    0.11    3.43 ^ _268_/Y (sky130_fd_sc_hd__xnor2_2)
     1    0.00                           _022_ (net)
                  0.12    0.00    3.43 ^ _271_/A2 (sky130_fd_sc_hd__o21ai_2)
                  0.05    0.06    3.49 v _271_/Y (sky130_fd_sc_hd__o21ai_2)
     1    0.00                           _025_ (net)
                  0.05    0.00    3.49 v _278_/B (sky130_fd_sc_hd__or3b_2)
                  0.07    0.45    3.94 v _278_/X (sky130_fd_sc_hd__or3b_2)
     1    0.00                           _032_ (net)
                  0.07    0.00    3.94 v _279_/A (sky130_fd_sc_hd__buf_1)
                  0.20    0.25    4.19 v _279_/X (sky130_fd_sc_hd__buf_1)
     2    0.04                           Result[4] (net)
                  0.20    0.00    4.19 v _357_/B (sky130_fd_sc_hd__or4_2)
                  0.11    0.73    4.91 v _357_/X (sky130_fd_sc_hd__or4_2)
     1    0.00                           _105_ (net)
                  0.11    0.00    4.91 v _361_/A3 (sky130_fd_sc_hd__o31ai_2)
                  0.68    0.60    5.51 ^ _361_/Y (sky130_fd_sc_hd__o31ai_2)
     1    0.03                           Zero (net)
                  0.68    0.00    5.51 ^ Zero (out)
                                  5.51   data arrival time

                  0.00   10.00   10.00   clock clk (rise edge)
                          0.00   10.00   clock network delay (ideal)
                         -0.25    9.75   clock uncertainty
                          0.00    9.75   clock reconvergence pessimism
                         -2.00    7.75   output external delay
                                  7.75   data required time
-----------------------------------------------------------------------------
                                  7.75   data required time
                                 -5.51   data arrival time
-----------------------------------------------------------------------------
                                  2.24   slack (MET)




===========================================================================
report_checks --slack_max -0.01
============================================================================
======================= Typical Corner ===================================

No paths found.


===========================================================================
 report_check_types -max_slew -max_cap -max_fanout -violators
============================================================================
======================= Typical Corner ===================================



===========================================================================
report_parasitic_annotation -report_unannotated
============================================================================
Found 206 unannotated drivers.
 A[0]
 A[1]
 A[2]
 A[3]
 A[4]
 A[5]
 A[6]
 A[7]
 B[0]
 B[1]
 B[2]
 B[3]
 B[4]
 B[5]
 B[6]
 B[7]
 Sel[0]
 Sel[1]
 Sel[2]
 Sel[3]
 _176_/X
 _177_/Y
 _178_/Y
 _179_/Y
 _180_/X
 _181_/X
 _182_/Y
 _183_/X
 _184_/X
 _185_/Y
 _186_/Y
 _187_/Y
 _188_/X
 _189_/X
 _190_/Y
 _191_/X
 _192_/X
 _193_/X
 _194_/X
 _195_/X
 _196_/X
 _197_/Y
 _198_/X
 _199_/X
 _200_/X
 _201_/X
 _202_/X
 _203_/Y
 _204_/X
 _205_/Y
 _206_/X
 _207_/X
 _208_/Y
 _209_/X
 _210_/X
 _211_/X
 _212_/Y
 _213_/Y
 _214_/Y
 _215_/Y
 _216_/Y
 _217_/X
 _218_/Y
 _219_/X
 _220_/X
 _221_/X
 _222_/Y
 _223_/X
 _224_/X
 _225_/X
 _226_/X
 _227_/Y
 _228_/Y
 _229_/Y
 _230_/Y
 _231_/X
 _232_/X
 _233_/Y
 _234_/X
 _235_/Y
 _236_/X
 _237_/Y
 _238_/X
 _239_/X
 _240_/X
 _241_/X
 _242_/Y
 _243_/X
 _244_/X
 _245_/Y
 _246_/X
 _247_/Y
 _248_/X
 _249_/X
 _250_/Y
 _251_/X
 _252_/Y
 _253_/Y
 _254_/X
 _255_/Y
 _256_/Y
 _257_/X
 _258_/Y
 _259_/Y
 _260_/X
 _261_/X
 _262_/Y
 _263_/X
 _264_/Y
 _265_/Y
 _266_/X
 _267_/Y
 _268_/Y
 _269_/Y
 _270_/Y
 _271_/Y
 _272_/Y
 _273_/X
 _274_/Y
 _275_/X
 _276_/Y
 _277_/Y
 _278_/X
 _279_/X
 _280_/X
 _281_/Y
 _282_/Y
 _283_/Y
 _284_/X
 _285_/X
 _286_/Y
 _287_/X
 _288_/X
 _289_/Y
 _290_/X
 _291_/X
 _292_/Y
 _293_/X
 _294_/X
 _295_/X
 _296_/Y
 _297_/X
 _298_/Y
 _299_/X
 _300_/Y
 _301_/Y
 _302_/Y
 _303_/X
 _304_/X
 _305_/Y
 _306_/X
 _307_/Y
 _308_/Y
 _309_/Y
 _310_/X
 _311_/Y
 _312_/X
 _313_/X
 _314_/X
 _315_/Y
 _316_/Y
 _317_/Y
 _318_/X
 _319_/Y
 _320_/X
 _321_/Y
 _322_/X
 _323_/X
 _324_/Y
 _325_/Y
 _326_/Y
 _327_/Y
 _328_/X
 _329_/Y
 _330_/X
 _331_/X
 _332_/X
 _333_/Y
 _334_/Y
 _335_/X
 _336_/X
 _337_/Y
 _338_/X
 _339_/Y
 _340_/X
 _341_/Y
 _342_/X
 _343_/Y
 _344_/Y
 _345_/X
 _346_/X
 _347_/X
 _348_/X
 _349_/X
 _350_/X
 _351_/X
 _352_/X
 _353_/X
 _354_/X
 _355_/X
 _356_/X
 _357_/X
 _358_/X
 _359_/X
 _360_/X
 _361_/Y
Found 0 partially unannotated drivers.

===========================================================================
max slew violation count 0
max fanout violation count 0
max cap violation count 0
============================================================================

===========================================================================
check_setup -verbose -unconstrained_endpoints -multiple_clock -no_clock -no_input_delay -loops -generated_clocks
===========================================================================
